<html>
<body>
<pre>
<h1>礦ision Build Log</h1>
<h2>Project:</h2>
F:\普中STM32开发板光盘资料\实验例程\普中STM32开发板实验例程\新建文件夹\开发板视频教程\STM32工程模板的创建\工程模板\工程模板.uvproj
Project File Date:  06/11/2015

<h2>Output:</h2>
Build target 'Target 1'
compiling main.c...
user\main.c(5): warning:  #1-D: last line of file ends without a newline
compiling stm32f10x_it.c...
compiling core_cm3.c...
compiling system_stm32f10x.c...
assembling startup_stm32f10x_hd.s...
compiling stm32f10x_gpio.c...
compiling stm32f10x_rcc.c...
linking...
Program Size: Code=844 RO-data=336 RW-data=20 ZI-data=1636  
FromELF: creating hex file...
".\output\工程模板.axf" - 0 Error(s), 1 Warning(s).
Build target 'Target 1'
compiling main.c...
linking...
Program Size: Code=844 RO-data=336 RW-data=20 ZI-data=1636  
FromELF: creating hex file...
".\output\工程模板.axf" - 0 Error(s), 0 Warning(s).
Build target 'Target 1'
compiling main.c...
linking...
Program Size: Code=844 RO-data=336 RW-data=20 ZI-data=1636  
FromELF: creating hex file...
".\output\工程模板.axf" - 0 Error(s), 0 Warning(s).
