Component: ARM Compiler 5.05 update 1 (build 106) Tool: armlink [4d0efa]

==============================================================================

Section Cross References

    main.o(.text) refers to lcd12864.o(.text) for LCD_Init
    main.o(.text) refers to snake.o(.text) for gameDescription
    main.o(.text) refers to ad_dma.o(.text) for ADC1_GPIO_Config
    system_stm32f10x.o(.text) refers to system_stm32f10x.o(.data) for SystemCoreClock
    startup_stm32f10x_hd.o(STACK) refers (Special) to heapauxi.o(.text) for __use_two_region_memory
    startup_stm32f10x_hd.o(HEAP) refers (Special) to heapauxi.o(.text) for __use_two_region_memory
    startup_stm32f10x_hd.o(RESET) refers (Special) to heapauxi.o(.text) for __use_two_region_memory
    startup_stm32f10x_hd.o(RESET) refers to startup_stm32f10x_hd.o(STACK) for __initial_sp
    startup_stm32f10x_hd.o(RESET) refers to startup_stm32f10x_hd.o(.text) for Reset_Handler
    startup_stm32f10x_hd.o(RESET) refers to stm32f10x_it.o(.text) for NMI_Handler
    startup_stm32f10x_hd.o(RESET) refers to exti_interrupt.o(.text) for EXTI9_5_IRQHandler
    startup_stm32f10x_hd.o(RESET) refers to pwm.o(.text) for TIM1_UP_IRQHandler
    startup_stm32f10x_hd.o(RESET) refers to update_interrupt.o(.text) for TIM3_IRQHandler
    startup_stm32f10x_hd.o(RESET) refers to inputcap.o(.text) for TIM4_IRQHandler
    startup_stm32f10x_hd.o(.text) refers (Special) to heapauxi.o(.text) for __use_two_region_memory
    startup_stm32f10x_hd.o(.text) refers to system_stm32f10x.o(.text) for SystemInit
    startup_stm32f10x_hd.o(.text) refers to __main.o(!!!main) for __main
    startup_stm32f10x_hd.o(.text) refers to startup_stm32f10x_hd.o(HEAP) for Heap_Mem
    startup_stm32f10x_hd.o(.text) refers to startup_stm32f10x_hd.o(STACK) for Stack_Mem
    stm32f10x_gpio.o(.text) refers to stm32f10x_rcc.o(.text) for RCC_APB2PeriphResetCmd
    stm32f10x_rcc.o(.text) refers to stm32f10x_rcc.o(.data) for APBAHBPrescTable
    stm32f10x_adc.o(.text) refers to stm32f10x_rcc.o(.text) for RCC_APB2PeriphResetCmd
    exti_interrupt.o(.text) refers to stm32f10x_rcc.o(.text) for RCC_APB2PeriphClockCmd
    exti_interrupt.o(.text) refers to stm32f10x_gpio.o(.text) for GPIO_Init
    exti_interrupt.o(.text) refers to misc.o(.text) for NVIC_PriorityGroupConfig
    exti_interrupt.o(.text) refers to stm32f10x_exti.o(.text) for EXTI_ClearITPendingBit
    ad.o(.text) refers to stm32f10x_rcc.o(.text) for RCC_APB2PeriphClockCmd
    ad.o(.text) refers to stm32f10x_gpio.o(.text) for GPIO_Init
    ad.o(.text) refers to stm32f10x_adc.o(.text) for ADC_DeInit
    ad.o(.text) refers to fflt_clz.o(x$fpl$fflt) for __aeabi_i2f
    ad.o(.text) refers to fmul.o(x$fpl$fmul) for __aeabi_fmul
    ad.o(.text) refers to ffix.o(x$fpl$ffix) for __aeabi_f2iz
    ad.o(.text) refers to fdiv.o(x$fpl$fdiv) for __aeabi_fdiv
    ad.o(.text) refers to ad.o(.data) for VRatio
    key_scan.o(.text) refers to stm32f10x_rcc.o(.text) for RCC_APB2PeriphClockCmd
    key_scan.o(.text) refers to stm32f10x_gpio.o(.text) for GPIO_Init
    key_scan.o(.text) refers to oled.o(.text) for OLED_ShowNum
    key_scan.o(.text) refers to key_scan.o(.data) for num
    key_scan.o(.text) refers to key_scan.o(.bss) for num1
    key_scan.o(.text) refers to fflt_clz.o(x$fpl$ffltu) for __aeabi_ui2f
    key_scan.o(.text) refers to f2d.o(x$fpl$f2d) for __aeabi_f2d
    key_scan.o(.text) refers to dmul.o(x$fpl$dmul) for __aeabi_dmul
    key_scan.o(.text) refers to fmul.o(x$fpl$fmul) for __aeabi_fmul
    key_scan.o(.text) refers to faddsub_clz.o(x$fpl$fadd) for __aeabi_fadd
    key_scan.o(.text) refers to daddsub_clz.o(x$fpl$dadd) for __aeabi_dadd
    key_scan.o(.text) refers to d2f.o(x$fpl$d2f) for __aeabi_d2f
    oled.o(.text) refers to stm32f10x_gpio.o(.text) for GPIO_SetBits
    oled.o(.text) refers to stm32f10x_rcc.o(.text) for RCC_APB2PeriphClockCmd
    oled.o(.text) refers to oled.o(.constdata) for F8X16
    pwm.o(.text) refers to dflt_clz.o(x$fpl$dflt) for __aeabi_i2d
    pwm.o(.text) refers to ddiv.o(x$fpl$ddiv) for __aeabi_ddiv
    pwm.o(.text) refers to dfix.o(x$fpl$dfix) for __aeabi_d2iz
    pwm.o(.text) refers to stm32f10x_rcc.o(.text) for RCC_APB2PeriphClockCmd
    pwm.o(.text) refers to stm32f10x_tim.o(.text) for TIM_TimeBaseInit
    pwm.o(.text) refers to fmul.o(x$fpl$fmul) for __aeabi_fmul
    pwm.o(.text) refers to ffixu.o(x$fpl$ffixu) for __aeabi_f2uiz
    pwm.o(.text) refers to misc.o(.text) for NVIC_Init
    pwm.o(.text) refers to stm32f10x_gpio.o(.text) for GPIO_Init
    pwm.o(.text) refers to pwm.o(.data) for ms_n
    stm32f10x_tim.o(.text) refers to stm32f10x_rcc.o(.text) for RCC_APB2PeriphResetCmd
    update_interrupt.o(.text) refers to stm32f10x_rcc.o(.text) for RCC_APB1PeriphClockCmd
    update_interrupt.o(.text) refers to stm32f10x_tim.o(.text) for TIM_TimeBaseInit
    update_interrupt.o(.text) refers to misc.o(.text) for NVIC_Init
    inputcap.o(.text) refers to stm32f10x_rcc.o(.text) for RCC_APB1PeriphClockCmd
[...]
    ../clib/angel/rt.s                       0x00000000   Number         0  rt_raise.o ABSOLUTE
    ../clib/angel/scatter.s                  0x00000000   Number         0  __scatter.o ABSOLUTE
    ../clib/angel/startup.s                  0x00000000   Number         0  __main.o ABSOLUTE
    ../clib/angel/sys.s                      0x00000000   Number         0  indicate_semi.o ABSOLUTE
    ../clib/angel/sys.s                      0x00000000   Number         0  use_no_semi.o ABSOLUTE
    ../clib/angel/sys.s                      0x00000000   Number         0  sys_stackheap_outer.o ABSOLUTE
    ../clib/angel/sys.s                      0x00000000   Number         0  libspace.o ABSOLUTE
    ../clib/angel/sys.s                      0x00000000   Number         0  mutex_dummy.o ABSOLUTE
    ../clib/angel/sysapp.c                   0x00000000   Number         0  sys_command.o ABSOLUTE
    ../clib/angel/sysapp.c                   0x00000000   Number         0  sys_exit.o ABSOLUTE
    ../clib/angel/sysapp.c                   0x00000000   Number         0  sys_wrch.o ABSOLUTE
    ../clib/armsys.c                         0x00000000   Number         0  argv_veneer.o ABSOLUTE
    ../clib/armsys.c                         0x00000000   Number         0  argv_veneer.o ABSOLUTE
    ../clib/armsys.c                         0x00000000   Number         0  _get_argv.o ABSOLUTE
    ../clib/armsys.c                         0x00000000   Number         0  no_argv.o ABSOLUTE
    ../clib/armsys.c                         0x00000000   Number         0  _get_argv_nomalloc.o ABSOLUTE
    ../clib/heap1.c                          0x00000000   Number         0  h1_alloc_mt.o ABSOLUTE
    ../clib/heap1.c                          0x00000000   Number         0  h1_final_mt.o ABSOLUTE
    ../clib/heap1.c                          0x00000000   Number         0  h1_init.o ABSOLUTE
    ../clib/heap1.c                          0x00000000   Number         0  h1_init_mt.o ABSOLUTE
    ../clib/heap1.c                          0x00000000   Number         0  h1_extend.o ABSOLUTE
    ../clib/heap1.c                          0x00000000   Number         0  h1_final.o ABSOLUTE
    ../clib/heap1.c                          0x00000000   Number         0  h1_extend_mt.o ABSOLUTE
    ../clib/heap1.c                          0x00000000   Number         0  h1_alloc.o ABSOLUTE
    ../clib/heap1.c                          0x00000000   Number         0  h1_free.o ABSOLUTE
    ../clib/heap1.c                          0x00000000   Number         0  h1_free_mt.o ABSOLUTE
    ../clib/heap2.c                          0x00000000   Number         0  fdtree.o ABSOLUTE
    ../clib/heap2.c                          0x00000000   Number         0  heap2mt.o ABSOLUTE
    ../clib/heap2.c                          0x00000000   Number         0  heap2.o ABSOLUTE
    ../clib/heapalloc.c                      0x00000000   Number         0  hguard.o ABSOLUTE
    ../clib/heapalloc.c                      0x00000000   Number         0  init_alloc.o ABSOLUTE
    ../clib/heapalloc.c                      0x00000000   Number         0  maybetermalloc2.o ABSOLUTE
    ../clib/heapalloc.c                      0x00000000   Number         0  maybetermalloc2.o ABSOLUTE
    ../clib/heapalloc.c                      0x00000000   Number         0  maybetermalloc1.o ABSOLUTE
    ../clib/heapalloc.c                      0x00000000   Number         0  malloc.o ABSOLUTE
    ../clib/heapalloc.c                      0x00000000   Number         0  free.o ABSOLUTE
    ../clib/heapalloc.c                      0x00000000   Number         0  heapstubs.o ABSOLUTE
    ../clib/heapalloc.c                      0x00000000   Number         0  term_alloc.o ABSOLUTE
    ../clib/heapalloc.c                      0x00000000   Number         0  hrguard.o ABSOLUTE
    ../clib/heapalloc.c                      0x00000000   Number         0  maybetermalloc1.o ABSOLUTE
    ../clib/heapaux.c                        0x00000000   Number         0  heapauxa.o ABSOLUTE
    ../clib/heapaux.c                        0x00000000   Number         0  heapauxi.o ABSOLUTE
    ../clib/libinit.s                        0x00000000   Number         0  libshutdown.o ABSOLUTE
    ../clib/libinit.s                        0x00000000   Number         0  libinit2.o ABSOLUTE
    ../clib/libinit.s                        0x00000000   Number         0  libshutdown2.o ABSOLUTE
    ../clib/libinit.s                        0x00000000   Number         0  libinit.o ABSOLUTE
    ../clib/memcpset.s                       0x00000000   Number         0  rt_memcpy_w.o ABSOLUTE
    ../clib/printf.c                         0x00000000   Number         0  _sputc.o ABSOLUTE
    ../clib/printf.c                         0x00000000   Number         0  _printf_intcommon.o ABSOLUTE
    ../clib/printf.c                         0x00000000   Number         0  __printf_ss.o ABSOLUTE
    ../clib/printf.c                         0x00000000   Number         0  __printf_flags.o ABSOLUTE
    ../clib/printf.c                         0x00000000   Number         0  noretval__2sprintf.o ABSOLUTE
    ../clib/printf.c                         0x00000000   Number         0  _printf_dec.o ABSOLUTE
    ../clib/printf.c                         0x00000000   Number         0  __printf_nopercent.o ABSOLUTE
    ../clib/printf.c                         0x00000000   Number         0  __2sprintf.o ABSOLUTE
    ../clib/printf.c                         0x00000000   Number         0  __printf.o ABSOLUTE
    ../clib/printf.c                         0x00000000   Number         0  __printf_flags_ss.o ABSOLUTE
    ../clib/printf.c                         0x00000000   Number         0  __printf_wp.o ABSOLUTE
    ../clib/printf.c                         0x00000000   Number         0  __printf_flags_wp.o ABSOLUTE
    ../clib/printf.c                         0x00000000   Number         0  __printf_ss_wp.o ABSOLUTE
    ../clib/printf.c                         0x00000000   Number         0  _printf_char_common.o ABSOLUTE
    ../clib/printf.c                         0x00000000   Number         0  __printf_flags_ss_wp.o ABSOLUTE
    ../clib/printf_percent.s                 0x00000000   Number         0  _printf_percent_end.o ABSOLUTE
    ../clib/printf_percent.s                 0x00000000   Number         0  _printf_percent.o ABSOLUTE
    ../clib/printf_percent.s                 0x00000000   Number         0  _printf_d.o ABSOLUTE
    ../clib/signal.c                         0x00000000   Number         0  defsig_rtmem_outer.o ABSOLUTE
    ../clib/signal.c                         0x00000000   Number         0  defsig_other.o ABSOLUTE
    ../clib/signal.c                         0x00000000   Number         0  defsig_rtmem_inner.o ABSOLUTE
    ../clib/signal.c                         0x00000000   Number         0  defsig_exit.o ABSOLUTE
    ../clib/signal.c                         0x00000000   Number         0  defsig_stak_inner.o ABSOLUTE
    ../clib/signal.c                         0x00000000   Number         0  defsig_segv_inner.o ABSOLUTE
    ../clib/signal.c                         0x00000000   Number         0  defsig_cppl_inner.o ABSOLUTE
    ../clib/signal.c                         0x00000000   Number         0  defsig_pvfn_inner.o ABSOLUTE
    ../clib/signal.c                         0x00000000   Number         0  defsig_rtmem_formal.o ABSOLUTE
    ../clib/signal.c                         0x00000000   Number         0  defsig_rtred_inner.o ABSOLUTE
    ../clib/signal.c                         0x00000000   Number         0  defsig_fpe_inner.o ABSOLUTE
    ../clib/signal.c                         0x00000000   Number         0  __raise.o ABSOLUTE
    ../clib/signal.c                         0x00000000   Number         0  defsig_general.o ABSOLUTE
    ../clib/signal.c                         0x00000000   Number         0  defsig_abrt_inner.o ABSOLUTE
    ../clib/signal.s                         0x00000000   Number         0  defsig.o ABSOLUTE
    ../clib/stdlib.c                         0x00000000   Number         0  rand.o ABSOLUTE
    ../clib/stdlib.c                         0x00000000   Number         0  exit.o ABSOLUTE
    ../clib/stdlib.c                         0x00000000   Number         0  rand.o ABSOLUTE
    ../fplib/d2f.s                           0x00000000   Number         0  d2f.o ABSOLUTE
    ../fplib/daddsub.s                       0x00000000   Number         0  daddsub_clz.o ABSOLUTE
    ../fplib/ddiv.s                          0x00000000   Number         0  ddiv.o ABSOLUTE
    ../fplib/dfix.s                          0x00000000   Number         0  dfix.o ABSOLUTE
    ../fplib/dflt.s                          0x00000000   Number         0  dflt_clz.o ABSOLUTE
    ../fplib/dmul.s                          0x00000000   Number         0  dmul.o ABSOLUTE
    ../fplib/dnaninf.s                       0x00000000   Number         0  dnaninf.o ABSOLUTE
    ../fplib/dretinf.s                       0x00000000   Number         0  dretinf.o ABSOLUTE
    ../fplib/f2d.s                           0x00000000   Number         0  f2d.o ABSOLUTE
    ../fplib/faddsub.s                       0x00000000   Number         0  faddsub_clz.o ABSOLUTE
    ../fplib/fdiv.s                          0x00000000   Number         0  fdiv.o ABSOLUTE
    ../fplib/ffix.s                          0x00000000   Number         0  ffix.o ABSOLUTE
    ../fplib/ffixu.s                         0x00000000   Number         0  ffixu.o ABSOLUTE
    ../fplib/fflt.s                          0x00000000   Number         0  fflt_clz.o ABSOLUTE
    ../fplib/fmul.s                          0x00000000   Number         0  fmul.o ABSOLUTE
    ../fplib/fnaninf.s                       0x00000000   Number         0  fnaninf.o ABSOLUTE
    ../fplib/fpinit.s                        0x00000000   Number         0  fpinit.o ABSOLUTE
    ../fplib/fretinf.s                       0x00000000   Number         0  fretinf.o ABSOLUTE
    ../fplib/usenofp.s                       0x00000000   Number         0  usenofp.o ABSOLUTE
    APP\AD.c                                 0x00000000   Number         0  ad.o ABSOLUTE
    APP\AD_DMA.c                             0x00000000   Number         0  ad_dma.o ABSOLUTE
    APP\Exti_Interrupt.c                     0x00000000   Number         0  exti_interrupt.o ABSOLUTE
    APP\InputCap.c                           0x00000000   Number         0  inputcap.o ABSOLUTE
    APP\Key_Scan.c                           0x00000000   Number         0  key_scan.o ABSOLUTE
    APP\LCD12864.c                           0x00000000   Number         0  lcd12864.o ABSOLUTE
    APP\OLED.c                               0x00000000   Number         0  oled.o ABSOLUTE
    APP\PWM.c                                0x00000000   Number         0  pwm.o ABSOLUTE
    APP\Snake.c                              0x00000000   Number         0  snake.o ABSOLUTE
    APP\Update_Interrupt.c                   0x00000000   Number         0  update_interrupt.o ABSOLUTE
    C:\Keil_v5\ARM\Pack\Keil\STM32F1xx_DFP\2.2.0\Device\StdPeriph_Driver\src\misc.c 0x00000000   Number         0  misc.o ABSOLUTE
    C:\Keil_v5\ARM\Pack\Keil\STM32F1xx_DFP\2.2.0\Device\StdPeriph_Driver\src\stm32f10x_adc.c 0x00000000   Number         0  stm32f10x_adc.o ABSOLUTE
    C:\Keil_v5\ARM\Pack\Keil\STM32F1xx_DFP\2.2.0\Device\StdPeriph_Driver\src\stm32f10x_dma.c 0x00000000   Number         0  stm32f10x_dma.o ABSOLUTE
    C:\Keil_v5\ARM\Pack\Keil\STM32F1xx_DFP\2.2.0\Device\StdPeriph_Driver\src\stm32f10x_exti.c 0x00000000   Number         0  stm32f10x_exti.o ABSOLUTE
    C:\Keil_v5\ARM\Pack\Keil\STM32F1xx_DFP\2.2.0\Device\StdPeriph_Driver\src\stm32f10x_tim.c 0x00000000   Number         0  stm32f10x_tim.o ABSOLUTE
    Libraries\CMSIS\CM3\CoreSupport\core_cm3.c 0x00000000   Number         0  core_cm3.o ABSOLUTE
    Libraries\CMSIS\CM3\DeviceSupport\ST\STM32F10x\startup\arm\startup_stm32f10x_hd.s 0x00000000   Number         0  startup_stm32f10x_hd.o ABSOLUTE
    Libraries\CMSIS\CM3\DeviceSupport\ST\STM32F10x\system_stm32f10x.c 0x00000000   Number         0  system_stm32f10x.o ABSOLUTE
    Libraries\STM32F10x_StdPeriph_Driver\src\stm32f10x_gpio.c 0x00000000   Number         0  stm32f10x_gpio.o ABSOLUTE
    Libraries\STM32F10x_StdPeriph_Driver\src\stm32f10x_rcc.c 0x00000000   Number         0  stm32f10x_rcc.o ABSOLUTE
    Libraries\\CMSIS\\CM3\\CoreSupport\\core_cm3.c 0x00000000   Number         0  core_cm3.o ABSOLUTE
    dc.s                                     0x00000000   Number         0  dc.o ABSOLUTE
    user\delay\delay.c                       0x00000000   Number         0  delay.o ABSOLUTE
    user\main.c                              0x00000000   Number         0  main.o ABSOLUTE
    user\stm32f10x_it.c                      0x00000000   Number         0  stm32f10x_it.o ABSOLUTE
    RESET                                    0x08000000   Section      304  startup_stm32f10x_hd.o(RESET)
    !!!main                                  0x08000130   Section        8  __main.o(!!!main)
    !!!scatter                               0x08000138   Section       52  __scatter.o(!!!scatter)
    !!handler_copy                           0x0800016c   Section       26  __scatter_copy.o(!!handler_copy)
    !!handler_zi                             0x08000188   Section       28  __scatter_zi.o(!!handler_zi)
    .ARM.Collect$$_printf_percent$$00000000  0x080001a4   Section        0  _printf_percent.o(.ARM.Collect$$_printf_percent$$00000000)
    .ARM.Collect$$_printf_percent$$00000009  0x080001a4   Section        6  _printf_d.o(.ARM.Collect$$_printf_percent$$00000009)
    .ARM.Collect$$_printf_percent$$00000017  0x080001aa   Section        4  _printf_percent_end.o(.ARM.Collect$$_printf_percent$$00000017)
    .ARM.Collect$$libinit$$00000000          0x080001ae   Section        2  libinit.o(.ARM.Collect$$libinit$$00000000)
    .ARM.Collect$$libinit$$00000002          0x080001b0   Section        0  libinit2.o(.ARM.Collect$$libinit$$00000002)
    .ARM.Collect$$libinit$$00000004          0x080001b0   Section        0  libinit2.o(.ARM.Collect$$libinit$$00000004)
    .ARM.Collect$$libinit$$00000005          0x080001b0   Section        8  libinit2.o(.ARM.Collect$$libinit$$00000005)
    .ARM.Collect$$libinit$$0000000A          0x080001b8   Section        0  libinit2.o(.ARM.Collect$$libinit$$0000000A)
    .ARM.Collect$$libinit$$0000000C          0x080001b8   Section        0  libinit2.o(.ARM.Collect$$libinit$$0000000C)
    .ARM.Collect$$libinit$$0000000D          0x080001b8   Section        4  libinit2.o(.ARM.Collect$$libinit$$0000000D)
    .ARM.Collect$$libinit$$0000000E          0x080001bc   Section        0  libinit2.o(.ARM.Collect$$libinit$$0000000E)
    .ARM.Collect$$libinit$$00000011          0x080001bc   Section        0  libinit2.o(.ARM.Collect$$libinit$$00000011)
    .ARM.Collect$$libinit$$00000013          0x080001bc   Section        0  libinit2.o(.ARM.Collect$$libinit$$00000013)
    .ARM.Collect$$libinit$$00000015          0x080001bc   Section        0  libinit2.o(.ARM.Collect$$libinit$$00000015)
    .ARM.Collect$$libinit$$00000017          0x080001bc   Section        0  libinit2.o(.ARM.Collect$$libinit$$00000017)
    .ARM.Collect$$libinit$$00000019          0x080001bc   Section        0  libinit2.o(.ARM.Collect$$libinit$$00000019)
    .ARM.Collect$$libinit$$0000001B          0x080001bc   Section        0  libinit2.o(.ARM.Collect$$libinit$$0000001B)
    .ARM.Collect$$libinit$$0000001D          0x080001bc   Section        0  libinit2.o(.ARM.Collect$$libinit$$0000001D)
    .ARM.Collect$$libinit$$0000001F          0x080001bc   Section        0  libinit2.o(.ARM.Collect$$libinit$$0000001F)
    .ARM.Collect$$libinit$$00000021          0x080001bc   Section        0  libinit2.o(.ARM.Collect$$libinit$$00000021)
    .ARM.Collect$$libinit$$00000023          0x080001bc   Section        0  libinit2.o(.ARM.Collect$$libinit$$00000023)
    .ARM.Collect$$libinit$$00000025          0x080001bc   Section        0  libinit2.o(.ARM.Collect$$libinit$$00000025)
    .ARM.Collect$$libinit$$0000002C          0x080001bc   Section        0  libinit2.o(.ARM.Collect$$libinit$$0000002C)
    .ARM.Collect$$libinit$$0000002E          0x080001bc   Section        0  libinit2.o(.ARM.Collect$$libinit$$0000002E)
    .ARM.Collect$$libinit$$00000030          0x080001bc   Section        0  libinit2.o(.ARM.Collect$$libinit$$00000030)
    .ARM.Collect$$libinit$$00000032          0x080001bc   Section        0  libinit2.o(.ARM.Collect$$libinit$$00000032)
    .ARM.Collect$$libinit$$00000033          0x080001bc   Section        2  libinit2.o(.ARM.Collect$$libinit$$00000033)
    .ARM.Collect$$libshutdown$$00000000      0x080001be   Section        2  libshutdown.o(.ARM.Collect$$libshutdown$$00000000)
    .ARM.Collect$$libshutdown$$00000003      0x080001c0   Section        0  libshutdown2.o(.ARM.Collect$$libshutdown$$00000003)
    .ARM.Collect$$libshutdown$$00000006      0x080001c0   Section        0  libshutdown2.o(.ARM.Collect$$libshutdown$$00000006)
    .ARM.Collect$$libshutdown$$00000009      0x080001c0   Section        0  libshutdown2.o(.ARM.Collect$$libshutdown$$00000009)
    .ARM.Collect$$libshutdown$$0000000B      0x080001c0   Section        0  libshutdown2.o(.ARM.Collect$$libshutdown$$0000000B)
    .ARM.Collect$$libshutdown$$0000000E      0x080001c0   Section        0  libshutdown2.o(.ARM.Collect$$libshutdown$$0000000E)
    .ARM.Collect$$libshutdown$$0000000F      0x080001c0   Section        2  libshutdown2.o(.ARM.Collect$$libshutdown$$0000000F)
    .ARM.Collect$$rtentry$$00000000          0x080001c2   Section        0  __rtentry.o(.ARM.Collect$$rtentry$$00000000)
    .ARM.Collect$$rtentry$$00000002          0x080001c2   Section        0  __rtentry2.o(.ARM.Collect$$rtentry$$00000002)
    .ARM.Collect$$rtentry$$00000004          0x080001c2   Section        6  __rtentry4.o(.ARM.Collect$$rtentry$$00000004)
    .ARM.Collect$$rtentry$$00000009          0x080001c8   Section        0  __rtentry2.o(.ARM.Collect$$rtentry$$00000009)
    .ARM.Collect$$rtentry$$0000000A          0x080001c8   Section        4  __rtentry2.o(.ARM.Collect$$rtentry$$0000000A)
    .ARM.Collect$$rtentry$$0000000C          0x080001cc   Section        0  __rtentry2.o(.ARM.Collect$$rtentry$$0000000C)
    .ARM.Collect$$rtentry$$0000000D          0x080001cc   Section        8  __rtentry2.o(.ARM.Collect$$rtentry$$0000000D)
    .ARM.Collect$$rtexit$$00000000           0x080001d4   Section        2  rtexit.o(.ARM.Collect$$rtexit$$00000000)
    .ARM.Collect$$rtexit$$00000002           0x080001d6   Section        0  rtexit2.o(.ARM.Collect$$rtexit$$00000002)
    .ARM.Collect$$rtexit$$00000003           0x080001d6   Section        4  rtexit2.o(.ARM.Collect$$rtexit$$00000003)
    .ARM.Collect$$rtexit$$00000004           0x080001da   Section        6  rtexit2.o(.ARM.Collect$$rtexit$$00000004)
    .emb_text                                0x080001e0   Section       52  rand.o(.emb_text)
    .emb_text                                0x08000214   Section        0  maybetermalloc1.o(.emb_text)
    .text                                    0x08000214   Section        0  main.o(.text)
    .text                                    0x08000244   Section        0  stm32f10x_it.o(.text)
    .text                                    0x08000260   Section        0  system_stm32f10x.o(.text)
    SetSysClockTo72                          0x08000261   Thumb Code   214  system_stm32f10x.o(.text)
    SetSysClock                              0x08000337   Thumb Code     8  system_stm32f10x.o(.text)
    .text                                    0x08000440   Section       64  startup_stm32f10x_hd.o(.text)
    .text                                    0x08000480   Section        0  stm32f10x_gpio.o(.text)
    .text                                    0x080007dc   Section        0  stm32f10x_rcc.o(.text)
    .text                                    0x08000b80   Section        0  stm32f10x_adc.o(.text)
    .text                                    0x08000fd0   Section        0  exti_interrupt.o(.text)
    .text                                    0x08001068   Section        0  stm32f10x_exti.o(.text)
    .text                                    0x08001184   Section        0  misc.o(.text)
    .text                                    0x08001260   Section        0  pwm.o(.text)
    .text                                    0x08001438   Section        0  stm32f10x_tim.o(.text)
    TI4_Config                               0x080018df   Thumb Code   130  stm32f10x_tim.o(.text)
    TI3_Config                               0x08001973   Thumb Code   122  stm32f10x_tim.o(.text)
    TI2_Config                               0x08001a07   Thumb Code   130  stm32f10x_tim.o(.text)
    TI1_Config                               0x08001a9b   Thumb Code   108  stm32f10x_tim.o(.text)
    .text                                    0x08002254   Section        0  update_interrupt.o(.text)
    .text                                    0x080022cc   Section        0  inputcap.o(.text)
    .text                                    0x080023c8   Section        0  ad_dma.o(.text)
    BubbleSort                               0x080023c9   Thumb Code    72  ad_dma.o(.text)
    .text                                    0x0800259c   Section        0  stm32f10x_dma.o(.text)
    .text                                    0x080027f0   Section        0  lcd12864.o(.text)
    .text                                    0x08002da8   Section        0  snake.o(.text)
    .text                                    0x0800332c   Section        0  delay.o(.text)
    .text                                    0x080033f0   Section        0  h1_alloc.o(.text)
    .text                                    0x0800344e   Section        0  h1_free.o(.text)
    .text                                    0x0800349c   Section        0  noretval__2sprintf.o(.text)
    .text                                    0x080034c4   Section        0  __printf.o(.text)
    .text                                    0x0800352c   Section        0  _printf_dec.o(.text)
    .text                                    0x080035a4   Section        0  rand.o(.text)
    .text                                    0x080035e0   Section        0  heapauxi.o(.text)
    .text                                    0x080035e8   Section        8  rt_heap_descriptor_intlibspace.o(.text)
    .text                                    0x080035f0   Section        0  hguard.o(.text)
    .text                                    0x080035f4   Section        0  init_alloc.o(.text)
    .text                                    0x0800367e   Section        0  h1_init.o(.text)
    .text                                    0x0800368c   Section        0  _printf_intcommon.o(.text)
    .text                                    0x08003740   Section        0  _printf_char_common.o(.text)
    _printf_input_char                       0x08003741   Thumb Code    10  _printf_char_common.o(.text)
    .text                                    0x08003770   Section        0  _sputc.o(.text)
    .text                                    0x0800377c   Section        8  libspace.o(.text)
    .text                                    0x08003784   Section        0  h1_extend.o(.text)
    .text                                    0x080037b8   Section        0  defsig_rtmem_outer.o(.text)
    .text                                    0x080037c6   Section        2  use_no_semi.o(.text)
    .text                                    0x080037c8   Section        0  indicate_semi.o(.text)
    .text                                    0x080037c8   Section       74  sys_stackheap_outer.o(.text)
    .text                                    0x08003812   Section        0  exit.o(.text)
    .text                                    0x0800381e   Section        0  defsig_exit.o(.text)
    .text                                    0x08003828   Section        0  defsig_rtmem_inner.o(.text)
    .text                                    0x08003878   Section        0  sys_exit.o(.text)
    .text                                    0x08003884   Section        0  defsig_general.o(.text)
    .text                                    0x080038b6   Section        0  sys_wrch.o(.text)
    x$fpl$ddiv                               0x080038c4   Section      688  ddiv.o(x$fpl$ddiv)
    ddiv_entry                               0x080038cb   Thumb Code     0  ddiv.o(x$fpl$ddiv)
    x$fpl$dfix                               0x08003b74   Section       94  dfix.o(x$fpl$dfix)
    x$fpl$dflt                               0x08003bd2   Section       46  dflt_clz.o(x$fpl$dflt)
    x$fpl$dnaninf                            0x08003c00   Section      156  dnaninf.o(x$fpl$dnaninf)
    x$fpl$dretinf                            0x08003c9c   Section       12  dretinf.o(x$fpl$dretinf)
    x$fpl$ffixu                              0x08003ca8   Section       62  ffixu.o(x$fpl$ffixu)
    x$fpl$fmul                               0x08003ce8   Section      258  fmul.o(x$fpl$fmul)
    x$fpl$fnaninf                            0x08003dea   Section      140  fnaninf.o(x$fpl$fnaninf)
    x$fpl$fretinf                            0x08003e76   Section       10  fretinf.o(x$fpl$fretinf)
    x$fpl$usenofp                            0x08003e80   Section        0  usenofp.o(x$fpl$usenofp)
    .data                                    0x20000000   Section       20  system_stm32f10x.o(.data)
    .data                                    0x20000014   Section       20  stm32f10x_rcc.o(.data)
    APBAHBPrescTable                         0x20000014   Data          16  stm32f10x_rcc.o(.data)
    ADCPrescTable                            0x20000024   Data           4  stm32f10x_rcc.o(.data)
    .data                                    0x20000028   Section        4  pwm.o(.data)
    .data                                    0x2000002c   Section       16  ad_dma.o(.data)
    .data                                    0x2000003c   Section       29  snake.o(.data)
    head                                     0x2000003c   Data           4  snake.o(.data)
    food                                     0x20000040   Data           4  snake.o(.data)
    index                                    0x20000044   Data           4  snake.o(.data)
    score                                    0x20000048   Data           4  snake.o(.data)
    add                                      0x2000004c   Data           4  snake.o(.data)
    deathType                                0x20000050   Data           4  snake.o(.data)
    speed                                    0x20000054   Data           4  snake.o(.data)
    .data                                    0x2000005a   Section        4  delay.o(.data)
    fac_us                                   0x2000005a   Data           1  delay.o(.data)
    fac_ms                                   0x2000005c   Data           2  delay.o(.data)
    .bss                                     0x20000060   Section      228  rand.o(.bss)
    .bss                                     0x20000144   Section       96  libspace.o(.bss)
    HEAP                                     0x200001a8   Section      512  startup_stm32f10x_hd.o(HEAP)
    Heap_Mem                                 0x200001a8   Data         512  startup_stm32f10x_hd.o(HEAP)
    STACK                                    0x200003a8   Section     1024  startup_stm32f10x_hd.o(STACK)
    Stack_Mem                                0x200003a8   Data        1024  startup_stm32f10x_hd.o(STACK)
    __initial_sp                             0x200007a8   Data           0  startup_stm32f10x_hd.o(STACK)

    Global Symbols

    Symbol Name                              Value     Ov Type        Size  Object(Section)

    BuildAttributes$$THM_ISAv4$P$D$K$B$S$PE$A:L22UL41UL21$X:L11$S22US41US21$IEEE1$IW$USESV6$~STKCKD$USESV7$~SHL$OTIME$ROPI$EBA8$UX$STANDARDLIB$REQ8$PRES8$EABIv2 0x00000000   Number         0  anon$$obj.o ABSOLUTE
    __ARM_use_no_argv                        0x00000000   Number         0  main.o ABSOLUTE
    __ARM_exceptions_init                     - Undefined Weak Reference
    __alloca_initialize                       - Undefined Weak Reference
    __arm_preinit_                            - Undefined Weak Reference
    __cpp_initialize__aeabi_                  - Undefined Weak Reference
    __cxa_finalize                            - Undefined Weak Reference
    __rt_locale                               - Undefined Weak Reference
    __sigvec_lookup                           - Undefined Weak Reference
    __user_heap_extent                        - Undefined Weak Reference
    _atexit_init                              - Undefined Weak Reference
    _call_atexit_fns                          - Undefined Weak Reference
    _clock_init                               - Undefined Weak Reference
    _fp_trap_init                             - Undefined Weak Reference
    _fp_trap_shutdown                         - Undefined Weak Reference
    _get_lc_collate                           - Undefined Weak Reference
    _get_lc_ctype                             - Undefined Weak Reference
    _get_lc_monetary                          - Undefined Weak Reference
    _get_lc_numeric                           - Undefined Weak Reference
    _get_lc_time                              - Undefined Weak Reference
    _getenv_init                              - Undefined Weak Reference
    _handle_redirection                       - Undefined Weak Reference
    _initio                                   - Undefined Weak Reference
    _mutex_acquire                            - Undefined Weak Reference
    _mutex_free                               - Undefined Weak Reference
    _mutex_release                            - Undefined Weak Reference
    _printf_post_padding                      - Undefined Weak Reference
    _printf_pre_padding                       - Undefined Weak Reference
    _printf_truncate_signed                   - Undefined Weak Reference
    _printf_truncate_unsigned                 - Undefined Weak Reference
    _signal_finish                            - Undefined Weak Reference
    _signal_init                              - Undefined Weak Reference
    _terminateio                              - Undefined Weak Reference
    __Vectors_Size                           0x00000130   Number         0  startup_stm32f10x_hd.o ABSOLUTE
    __Vectors                                0x08000000   Data           4  startup_stm32f10x_hd.o(RESET)
    __Vectors_End                            0x08000130   Data           0  startup_stm32f10x_hd.o(RESET)
    __main                                   0x08000131   Thumb Code     8  __main.o(!!!main)
    __scatterload                            0x08000139   Thumb Code     0  __scatter.o(!!!scatter)
    __scatterload_rt2                        0x08000139   Thumb Code    44  __scatter.o(!!!scatter)
    __scatterload_rt2_thumb_only             0x08000139   Thumb Code     0  __scatter.o(!!!scatter)
    __scatterload_null                       0x08000147   Thumb Code     0  __scatter.o(!!!scatter)
    __scatterload_copy                       0x0800016d   Thumb Code    26  __scatter_copy.o(!!handler_copy)
    __scatterload_zeroinit                   0x08000189   Thumb Code    28  __scatter_zi.o(!!handler_zi)
    _printf_d                                0x080001a5   Thumb Code     0  _printf_d.o(.ARM.Collect$$_printf_percent$$00000009)
    _printf_percent                          0x080001a5   Thumb Code     0  _printf_percent.o(.ARM.Collect$$_printf_percent$$00000000)
    _printf_percent_end                      0x080001ab   Thumb Code     0  _printf_percent_end.o(.ARM.Collect$$_printf_percent$$00000017)
    __rt_lib_init                            0x080001af   Thumb Code     0  libinit.o(.ARM.Collect$$libinit$$00000000)
    __rt_lib_init_fp_1                       0x080001b1   Thumb Code     0  libinit2.o(.ARM.Collect$$libinit$$00000002)
    __rt_lib_init_heap_2                     0x080001b1   Thumb Code     0  libinit2.o(.ARM.Collect$$libinit$$00000005)
    __rt_lib_init_preinit_1                  0x080001b1   Thumb Code     0  libinit2.o(.ARM.Collect$$libinit$$00000004)
    __rt_lib_init_heap_1                     0x080001b9   Thumb Code     0  libinit2.o(.ARM.Collect$$libinit$$0000000A)
    __rt_lib_init_rand_2                     0x080001b9   Thumb Code     0  libinit2.o(.ARM.Collect$$libinit$$0000000D)
    __rt_lib_init_user_alloc_1               0x080001b9   Thumb Code     0  libinit2.o(.ARM.Collect$$libinit$$0000000C)
    __rt_lib_init_alloca_1                   0x080001bd   Thumb Code     0  libinit2.o(.ARM.Collect$$libinit$$0000002E)
    __rt_lib_init_argv_1                     0x080001bd   Thumb Code     0  libinit2.o(.ARM.Collect$$libinit$$0000002C)
    __rt_lib_init_atexit_1                   0x080001bd   Thumb Code     0  libinit2.o(.ARM.Collect$$libinit$$0000001B)
    __rt_lib_init_clock_1                    0x080001bd   Thumb Code     0  libinit2.o(.ARM.Collect$$libinit$$00000021)
    __rt_lib_init_cpp_1                      0x080001bd   Thumb Code     0  libinit2.o(.ARM.Collect$$libinit$$00000032)
    __rt_lib_init_exceptions_1               0x080001bd   Thumb Code     0  libinit2.o(.ARM.Collect$$libinit$$00000030)
    __rt_lib_init_fp_trap_1                  0x080001bd   Thumb Code     0  libinit2.o(.ARM.Collect$$libinit$$0000001F)
    __rt_lib_init_getenv_1                   0x080001bd   Thumb Code     0  libinit2.o(.ARM.Collect$$libinit$$00000023)
    __rt_lib_init_lc_collate_1               0x080001bd   Thumb Code     0  libinit2.o(.ARM.Collect$$libinit$$00000011)
    __rt_lib_init_lc_ctype_1                 0x080001bd   Thumb Code     0  libinit2.o(.ARM.Collect$$libinit$$00000013)
    __rt_lib_init_lc_monetary_1              0x080001bd   Thumb Code     0  libinit2.o(.ARM.Collect$$libinit$$00000015)
    __rt_lib_init_lc_numeric_1               0x080001bd   Thumb Code     0  libinit2.o(.ARM.Collect$$libinit$$00000017)
    __rt_lib_init_lc_time_1                  0x080001bd   Thumb Code     0  libinit2.o(.ARM.Collect$$libinit$$00000019)
    __rt_lib_init_rand_1                     0x080001bd   Thumb Code     0  libinit2.o(.ARM.Collect$$libinit$$0000000E)
    __rt_lib_init_return                     0x080001bd   Thumb Code     0  libinit2.o(.ARM.Collect$$libinit$$00000033)
    __rt_lib_init_signal_1                   0x080001bd   Thumb Code     0  libinit2.o(.ARM.Collect$$libinit$$0000001D)
    __rt_lib_init_stdio_1                    0x080001bd   Thumb Code     0  libinit2.o(.ARM.Collect$$libinit$$00000025)
    __rt_lib_shutdown                        0x080001bf   Thumb Code     0  libshutdown.o(.ARM.Collect$$libshutdown$$00000000)
    __rt_lib_shutdown_fp_trap_1              0x080001c1   Thumb Code     0  libshutdown2.o(.ARM.Collect$$libshutdown$$00000006)
    __rt_lib_shutdown_heap_1                 0x080001c1   Thumb Code     0  libshutdown2.o(.ARM.Collect$$libshutdown$$0000000E)
    __rt_lib_shutdown_return                 0x080001c1   Thumb Code     0  libshutdown2.o(.ARM.Collect$$libshutdown$$0000000F)
    __rt_lib_shutdown_signal_1               0x080001c1   Thumb Code     0  libshutdown2.o(.ARM.Collect$$libshutdown$$00000009)
    __rt_lib_shutdown_stdio_1                0x080001c1   Thumb Code     0  libshutdown2.o(.ARM.Collect$$libshutdown$$00000003)
    __rt_lib_shutdown_user_alloc_1           0x080001c1   Thumb Code     0  libshutdown2.o(.ARM.Collect$$libshutdown$$0000000B)
    __rt_entry                               0x080001c3   Thumb Code     0  __rtentry.o(.ARM.Collect$$rtentry$$00000000)
    __rt_entry_presh_1                       0x080001c3   Thumb Code     0  __rtentry2.o(.ARM.Collect$$rtentry$$00000002)
    __rt_entry_sh                            0x080001c3   Thumb Code     0  __rtentry4.o(.ARM.Collect$$rtentry$$00000004)
    __rt_entry_li                            0x080001c9   Thumb Code     0  __rtentry2.o(.ARM.Collect$$rtentry$$0000000A)
    __rt_entry_postsh_1                      0x080001c9   Thumb Code     0  __rtentry2.o(.ARM.Collect$$rtentry$$00000009)
    __rt_entry_main                          0x080001cd   Thumb Code     0  __rtentry2.o(.ARM.Collect$$rtentry$$0000000D)
    __rt_entry_postli_1                      0x080001cd   Thumb Code     0  __rtentry2.o(.ARM.Collect$$rtentry$$0000000C)
    __rt_exit                                0x080001d5   Thumb Code     0  rtexit.o(.ARM.Collect$$rtexit$$00000000)
    __rt_exit_ls                             0x080001d7   Thumb Code     0  rtexit2.o(.ARM.Collect$$rtexit$$00000003)
    __rt_exit_prels_1                        0x080001d7   Thumb Code     0  rtexit2.o(.ARM.Collect$$rtexit$$00000002)
    __rt_exit_exit                           0x080001db   Thumb Code     0  rtexit2.o(.ARM.Collect$$rtexit$$00000004)
    rand                                     0x080001e1   Thumb Code    48  rand.o(.emb_text)
    _maybe_terminate_alloc                   0x08000215   Thumb Code     0  maybetermalloc1.o(.emb_text)
    main                                     0x08000215   Thumb Code    48  main.o(.text)
    NMI_Handler                              0x08000245   Thumb Code     2  stm32f10x_it.o(.text)
    HardFault_Handler                        0x08000247   Thumb Code     4  stm32f10x_it.o(.text)
    MemManage_Handler                        0x0800024b   Thumb Code     4  stm32f10x_it.o(.text)
    BusFault_Handler                         0x0800024f   Thumb Code     4  stm32f10x_it.o(.text)
    UsageFault_Handler                       0x08000253   Thumb Code     4  stm32f10x_it.o(.text)
    SVC_Handler                              0x08000257   Thumb Code     2  stm32f10x_it.o(.text)
    DebugMon_Handler                         0x08000259   Thumb Code     2  stm32f10x_it.o(.text)
    PendSV_Handler                           0x0800025b   Thumb Code     2  stm32f10x_it.o(.text)
    SysTick_Handler                          0x0800025d   Thumb Code     2  stm32f10x_it.o(.text)
    SystemInit                               0x0800033f   Thumb Code    78  system_stm32f10x.o(.text)
    SystemCoreClockUpdate                    0x0800038d   Thumb Code   142  system_stm32f10x.o(.text)
    Reset_Handler                            0x08000441   Thumb Code     8  startup_stm32f10x_hd.o(.text)
    ADC1_2_IRQHandler                        0x0800045b   Thumb Code     0  startup_stm32f10x_hd.o(.text)
    ADC3_IRQHandler                          0x0800045b   Thumb Code     0  startup_stm32f10x_hd.o(.text)
    CAN1_RX1_IRQHandler                      0x0800045b   Thumb Code     0  startup_stm32f10x_hd.o(.text)
    CAN1_SCE_IRQHandler                      0x0800045b   Thumb Code     0  startup_stm32f10x_hd.o(.text)
    DMA1_Channel1_IRQHandler                 0x0800045b   Thumb Code     0  startup_stm32f10x_hd.o(.text)
    DMA1_Channel2_IRQHandler                 0x0800045b   Thumb Code     0  startup_stm32f10x_hd.o(.text)
    DMA1_Channel3_IRQHandler                 0x0800045b   Thumb Code     0  startup_stm32f10x_hd.o(.text)
    DMA1_Channel4_IRQHandler                 0x0800045b   Thumb Code     0  startup_stm32f10x_hd.o(.text)
    DMA1_Channel5_IRQHandler                 0x0800045b   Thumb Code     0  startup_stm32f10x_hd.o(.text)
    DMA1_Channel6_IRQHandler                 0x0800045b   Thumb Code     0  startup_stm32f10x_hd.o(.text)
    DMA1_Channel7_IRQHandler                 0x0800045b   Thumb Code     0  startup_stm32f10x_hd.o(.text)
    DMA2_Channel1_IRQHandler                 0x0800045b   Thumb Code     0  startup_stm32f10x_hd.o(.text)
    DMA2_Channel2_IRQHandler                 0x0800045b   Thumb Code     0  startup_stm32f10x_hd.o(.text)
    DMA2_Channel3_IRQHandler                 0x0800045b   Thumb Code     0  startup_stm32f10x_hd.o(.text)
    DMA2_Channel4_5_IRQHandler               0x0800045b   Thumb Code     0  startup_stm32f10x_hd.o(.text)
    EXTI0_IRQHandler                         0x0800045b   Thumb Code     0  startup_stm32f10x_hd.o(.text)
    EXTI15_10_IRQHandler                     0x0800045b   Thumb Code     0  startup_stm32f10x_hd.o(.text)
    EXTI1_IRQHandler                         0x0800045b   Thumb Code     0  startup_stm32f10x_hd.o(.text)
    EXTI2_IRQHandler                         0x0800045b   Thumb Code     0  startup_stm32f10x_hd.o(.text)
    EXTI3_IRQHandler                         0x0800045b   Thumb Code     0  startup_stm32f10x_hd.o(.text)
    EXTI4_IRQHandler                         0x0800045b   Thumb Code     0  startup_stm32f10x_hd.o(.text)
    FLASH_IRQHandler                         0x0800045b   Thumb Code     0  startup_stm32f10x_hd.o(.text)
    FSMC_IRQHandler                          0x0800045b   Thumb Code     0  startup_stm32f10x_hd.o(.text)
    I2C1_ER_IRQHandler                       0x0800045b   Thumb Code     0  startup_stm32f10x_hd.o(.text)
    I2C1_EV_IRQHandler                       0x0800045b   Thumb Code     0  startup_stm32f10x_hd.o(.text)
    I2C2_ER_IRQHandler                       0x0800045b   Thumb Code     0  startup_stm32f10x_hd.o(.text)
    I2C2_EV_IRQHandler                       0x0800045b   Thumb Code     0  startup_stm32f10x_hd.o(.text)
    PVD_IRQHandler                           0x0800045b   Thumb Code     0  startup_stm32f10x_hd.o(.text)
    RCC_IRQHandler                           0x0800045b   Thumb Code     0  startup_stm32f10x_hd.o(.text)
    RTCAlarm_IRQHandler                      0x0800045b   Thumb Code     0  startup_stm32f10x_hd.o(.text)
    RTC_IRQHandler                           0x0800045b   Thumb Code     0  startup_stm32f10x_hd.o(.text)
    SDIO_IRQHandler                          0x0800045b   Thumb Code     0  startup_stm32f10x_hd.o(.text)
    SPI1_IRQHandler                          0x0800045b   Thumb Code     0  startup_stm32f10x_hd.o(.text)
    SPI2_IRQHandler                          0x0800045b   Thumb Code     0  startup_stm32f10x_hd.o(.text)
    SPI3_IRQHandler                          0x0800045b   Thumb Code     0  startup_stm32f10x_hd.o(.text)
    TAMPER_IRQHandler                        0x0800045b   Thumb Code     0  startup_stm32f10x_hd.o(.text)
    TIM1_BRK_IRQHandler                      0x0800045b   Thumb Code     0  startup_stm32f10x_hd.o(.text)
    TIM1_CC_IRQHandler                       0x0800045b   Thumb Code     0  startup_stm32f10x_hd.o(.text)
    TIM1_TRG_COM_IRQHandler                  0x0800045b   Thumb Code     0  startup_stm32f10x_hd.o(.text)
    TIM2_IRQHandler                          0x0800045b   Thumb Code     0  startup_stm32f10x_hd.o(.text)
    TIM5_IRQHandler                          0x0800045b   Thumb Code     0  startup_stm32f10x_hd.o(.text)
    TIM6_IRQHandler                          0x0800045b   Thumb Code     0  startup_stm32f10x_hd.o(.text)
    TIM7_IRQHandler                          0x0800045b   Thumb Code     0  startup_stm32f10x_hd.o(.text)
    TIM8_BRK_IRQHandler                      0x0800045b   Thumb Code     0  startup_stm32f10x_hd.o(.text)
    TIM8_CC_IRQHandler                       0x0800045b   Thumb Code     0  startup_stm32f10x_hd.o(.text)
    TIM8_TRG_COM_IRQHandler                  0x0800045b   Thumb Code     0  startup_stm32f10x_hd.o(.text)
    TIM8_UP_IRQHandler                       0x0800045b   Thumb Code     0  startup_stm32f10x_hd.o(.text)
    UART4_IRQHandler                         0x0800045b   Thumb Code     0  startup_stm32f10x_hd.o(.text)
    UART5_IRQHandler                         0x0800045b   Thumb Code     0  startup_stm32f10x_hd.o(.text)
    USART1_IRQHandler                        0x0800045b   Thumb Code     0  startup_stm32f10x_hd.o(.text)
    USART2_IRQHandler                        0x0800045b   Thumb Code     0  startup_stm32f10x_hd.o(.text)
    USART3_IRQHandler                        0x0800045b   Thumb Code     0  startup_stm32f10x_hd.o(.text)
    USBWakeUp_IRQHandler                     0x0800045b   Thumb Code     0  startup_stm32f10x_hd.o(.text)
    USB_HP_CAN1_TX_IRQHandler                0x0800045b   Thumb Code     0  startup_stm32f10x_hd.o(.text)
    USB_LP_CAN1_RX0_IRQHandler               0x0800045b   Thumb Code     0  startup_stm32f10x_hd.o(.text)
    WWDG_IRQHandler                          0x0800045b   Thumb Code     0  startup_stm32f10x_hd.o(.text)
    __user_initial_stackheap                 0x0800045d   Thumb Code     0  startup_stm32f10x_hd.o(.text)
    GPIO_DeInit                              0x08000481   Thumb Code   172  stm32f10x_gpio.o(.text)
    GPIO_AFIODeInit                          0x0800052d   Thumb Code    20  stm32f10x_gpio.o(.text)
    GPIO_Init                                0x08000541   Thumb Code   278  stm32f10x_gpio.o(.text)
    GPIO_StructInit                          0x08000657   Thumb Code    16  stm32f10x_gpio.o(.text)
    GPIO_ReadInputDataBit                    0x08000667   Thumb Code    18  stm32f10x_gpio.o(.text)
    GPIO_ReadInputData                       0x08000679   Thumb Code     8  stm32f10x_gpio.o(.text)
    GPIO_ReadOutputDataBit                   0x08000681   Thumb Code    18  stm32f10x_gpio.o(.text)
    GPIO_ReadOutputData                      0x08000693   Thumb Code     8  stm32f10x_gpio.o(.text)
    GPIO_SetBits                             0x0800069b   Thumb Code     4  stm32f10x_gpio.o(.text)
    GPIO_ResetBits                           0x0800069f   Thumb Code     4  stm32f10x_gpio.o(.text)
    GPIO_WriteBit                            0x080006a3   Thumb Code    10  stm32f10x_gpio.o(.text)
    GPIO_Write                               0x080006ad   Thumb Code     4  stm32f10x_gpio.o(.text)
    GPIO_PinLockConfig                       0x080006b1   Thumb Code    18  stm32f10x_gpio.o(.text)
    GPIO_EventOutputConfig                   0x080006c3   Thumb Code    26  stm32f10x_gpio.o(.text)
    GPIO_EventOutputCmd                      0x080006dd   Thumb Code     6  stm32f10x_gpio.o(.text)
    GPIO_PinRemapConfig                      0x080006e3   Thumb Code   138  stm32f10x_gpio.o(.text)
    GPIO_EXTILineConfig                      0x0800076d   Thumb Code    66  stm32f10x_gpio.o(.text)
    GPIO_ETH_MediaInterfaceConfig            0x080007af   Thumb Code     8  stm32f10x_gpio.o(.text)
    RCC_DeInit                               0x080007dd   Thumb Code    64  stm32f10x_rcc.o(.text)
    RCC_HSEConfig                            0x0800081d   Thumb Code    70  stm32f10x_rcc.o(.text)
    RCC_GetFlagStatus                        0x08000863   Thumb Code    56  stm32f10x_rcc.o(.text)
    RCC_WaitForHSEStartUp                    0x0800089b   Thumb Code    56  stm32f10x_rcc.o(.text)
    RCC_AdjustHSICalibrationValue            0x080008d3   Thumb Code    20  stm32f10x_rcc.o(.text)
    RCC_HSICmd                               0x080008e7   Thumb Code     6  stm32f10x_rcc.o(.text)
    RCC_PLLConfig                            0x080008ed   Thumb Code    24  stm32f10x_rcc.o(.text)
    RCC_PLLCmd                               0x08000905   Thumb Code     6  stm32f10x_rcc.o(.text)
    RCC_SYSCLKConfig                         0x0800090b   Thumb Code    18  stm32f10x_rcc.o(.text)
    RCC_GetSYSCLKSource                      0x0800091d   Thumb Code    10  stm32f10x_rcc.o(.text)
    RCC_HCLKConfig                           0x08000927   Thumb Code    18  stm32f10x_rcc.o(.text)
    RCC_PCLK1Config                          0x08000939   Thumb Code    18  stm32f10x_rcc.o(.text)
    RCC_PCLK2Config                          0x0800094b   Thumb Code    20  stm32f10x_rcc.o(.text)
    RCC_ITConfig                             0x0800095f   Thumb Code    26  stm32f10x_rcc.o(.text)
    RCC_USBCLKConfig                         0x08000979   Thumb Code     8  stm32f10x_rcc.o(.text)
    RCC_ADCCLKConfig                         0x08000981   Thumb Code    18  stm32f10x_rcc.o(.text)
    RCC_LSEConfig                            0x08000993   Thumb Code    50  stm32f10x_rcc.o(.text)
    RCC_LSICmd                               0x080009c5   Thumb Code     6  stm32f10x_rcc.o(.text)
    RCC_RTCCLKConfig                         0x080009cb   Thumb Code    12  stm32f10x_rcc.o(.text)
    RCC_RTCCLKCmd                            0x080009d7   Thumb Code     8  stm32f10x_rcc.o(.text)
    RCC_GetClocksFreq                        0x080009df   Thumb Code   192  stm32f10x_rcc.o(.text)
    RCC_AHBPeriphClockCmd                    0x08000a9f   Thumb Code    26  stm32f10x_rcc.o(.text)
    RCC_APB2PeriphClockCmd                   0x08000ab9   Thumb Code    26  stm32f10x_rcc.o(.text)
    RCC_APB1PeriphClockCmd                   0x08000ad3   Thumb Code    26  stm32f10x_rcc.o(.text)
    RCC_APB2PeriphResetCmd                   0x08000aed   Thumb Code    26  stm32f10x_rcc.o(.text)
    RCC_APB1PeriphResetCmd                   0x08000b07   Thumb Code    26  stm32f10x_rcc.o(.text)
    RCC_BackupResetCmd                       0x08000b21   Thumb Code     8  stm32f10x_rcc.o(.text)
    RCC_ClockSecuritySystemCmd               0x08000b29   Thumb Code     6  stm32f10x_rcc.o(.text)
    RCC_MCOConfig                            0x08000b2f   Thumb Code     6  stm32f10x_rcc.o(.text)
    RCC_ClearFlag                            0x08000b35   Thumb Code    14  stm32f10x_rcc.o(.text)
    RCC_GetITStatus                          0x08000b43   Thumb Code    20  stm32f10x_rcc.o(.text)
    RCC_ClearITPendingBit                    0x08000b57   Thumb Code     6  stm32f10x_rcc.o(.text)
    ADC_DeInit                               0x08000b81   Thumb Code    78  stm32f10x_adc.o(.text)
    ADC_Init                                 0x08000bcf   Thumb Code    70  stm32f10x_adc.o(.text)
    ADC_StructInit                           0x08000c15   Thumb Code    18  stm32f10x_adc.o(.text)
    ADC_Cmd                                  0x08000c27   Thumb Code    22  stm32f10x_adc.o(.text)
    ADC_DMACmd                               0x08000c3d   Thumb Code    22  stm32f10x_adc.o(.text)
    ADC_ITConfig                             0x08000c53   Thumb Code    24  stm32f10x_adc.o(.text)
    ADC_ResetCalibration                     0x08000c6b   Thumb Code    10  stm32f10x_adc.o(.text)
    ADC_GetResetCalibrationStatus            0x08000c75   Thumb Code    20  stm32f10x_adc.o(.text)
    ADC_StartCalibration                     0x08000c89   Thumb Code    10  stm32f10x_adc.o(.text)
    ADC_GetCalibrationStatus                 0x08000c93   Thumb Code    20  stm32f10x_adc.o(.text)
    ADC_SoftwareStartConvCmd                 0x08000ca7   Thumb Code    22  stm32f10x_adc.o(.text)
    ADC_GetSoftwareStartConvStatus           0x08000cbd   Thumb Code    20  stm32f10x_adc.o(.text)
    ADC_DiscModeChannelCountConfig           0x08000cd1   Thumb Code    24  stm32f10x_adc.o(.text)
    ADC_DiscModeCmd                          0x08000ce9   Thumb Code    22  stm32f10x_adc.o(.text)
    ADC_RegularChannelConfig                 0x08000cff   Thumb Code   184  stm32f10x_adc.o(.text)
    ADC_ExternalTrigConvCmd                  0x08000db7   Thumb Code    22  stm32f10x_adc.o(.text)
    ADC_GetConversionValue                   0x08000dcd   Thumb Code     8  stm32f10x_adc.o(.text)
    ADC_GetDualModeConversionValue           0x08000dd5   Thumb Code     8  stm32f10x_adc.o(.text)
    ADC_AutoInjectedConvCmd                  0x08000ddd   Thumb Code    22  stm32f10x_adc.o(.text)
    ADC_InjectedDiscModeCmd                  0x08000df3   Thumb Code    22  stm32f10x_adc.o(.text)
    ADC_ExternalTrigInjectedConvConfig       0x08000e09   Thumb Code    16  stm32f10x_adc.o(.text)
    ADC_ExternalTrigInjectedConvCmd          0x08000e19   Thumb Code    22  stm32f10x_adc.o(.text)
    ADC_SoftwareStartInjectedConvCmd         0x08000e2f   Thumb Code    22  stm32f10x_adc.o(.text)
    ADC_GetSoftwareStartInjectedConvCmdStatus 0x08000e45   Thumb Code    20  stm32f10x_adc.o(.text)
    ADC_InjectedChannelConfig                0x08000e59   Thumb Code   130  stm32f10x_adc.o(.text)
    ADC_InjectedSequencerLengthConfig        0x08000edb   Thumb Code    24  stm32f10x_adc.o(.text)
    ADC_SetInjectedOffset                    0x08000ef3   Thumb Code    20  stm32f10x_adc.o(.text)
    ADC_GetInjectedConversionValue           0x08000f07   Thumb Code    28  stm32f10x_adc.o(.text)
    ADC_AnalogWatchdogCmd                    0x08000f23   Thumb Code    16  stm32f10x_adc.o(.text)
    ADC_AnalogWatchdogThresholdsConfig       0x08000f33   Thumb Code     6  stm32f10x_adc.o(.text)
    ADC_AnalogWatchdogSingleChannelConfig    0x08000f39   Thumb Code    16  stm32f10x_adc.o(.text)
    ADC_TempSensorVrefintCmd                 0x08000f49   Thumb Code    64  stm32f10x_adc.o(.text)
    ADC_GetFlagStatus                        0x08000f89   Thumb Code    18  stm32f10x_adc.o(.text)
    ADC_ClearFlag                            0x08000f9b   Thumb Code     6  stm32f10x_adc.o(.text)
    ADC_GetITStatus                          0x08000fa1   Thumb Code    36  stm32f10x_adc.o(.text)
    ADC_ClearITPendingBit                    0x08000fc5   Thumb Code    10  stm32f10x_adc.o(.text)
    Exti_Init                                0x08000fd1   Thumb Code   124  exti_interrupt.o(.text)
    EXTI9_5_IRQHandler                       0x0800104d   Thumb Code    22  exti_interrupt.o(.text)
    EXTI_DeInit                              0x08001069   Thumb Code    28  stm32f10x_exti.o(.text)
    EXTI_Init                                0x08001085   Thumb Code   142  stm32f10x_exti.o(.text)
    EXTI_StructInit                          0x08001113   Thumb Code    16  stm32f10x_exti.o(.text)
    EXTI_GenerateSWInterrupt                 0x08001123   Thumb Code    16  stm32f10x_exti.o(.text)
    EXTI_GetFlagStatus                       0x08001133   Thumb Code    22  stm32f10x_exti.o(.text)
    EXTI_ClearFlag                           0x08001149   Thumb Code     8  stm32f10x_exti.o(.text)
    EXTI_GetITStatus                         0x08001151   Thumb Code    34  stm32f10x_exti.o(.text)
    EXTI_ClearITPendingBit                   0x08001173   Thumb Code     8  stm32f10x_exti.o(.text)
    NVIC_PriorityGroupConfig                 0x08001185   Thumb Code    10  misc.o(.text)
    NVIC_Init                                0x0800118f   Thumb Code   100  misc.o(.text)
    NVIC_SetVectorTable                      0x080011f3   Thumb Code    14  misc.o(.text)
    NVIC_SystemLPConfig                      0x08001201   Thumb Code    34  misc.o(.text)
    SysTick_CLKSourceConfig                  0x08001223   Thumb Code    40  misc.o(.text)
    Tim1_Delay_ms                            0x08001261   Thumb Code    54  pwm.o(.text)
    time1_init                               0x08001297   Thumb Code   180  pwm.o(.text)
    TIM1_UP_IRQHandler                       0x0800134b   Thumb Code    32  pwm.o(.text)
    time2_init                               0x0800136b   Thumb Code   136  pwm.o(.text)
    time1_gpio                               0x080013f3   Thumb Code    40  pwm.o(.text)
    TIM_DeInit                               0x08001439   Thumb Code   424  stm32f10x_tim.o(.text)
    TIM_TimeBaseInit                         0x080015e1   Thumb Code   122  stm32f10x_tim.o(.text)
    TIM_OC1Init                              0x0800165b   Thumb Code   132  stm32f10x_tim.o(.text)
    TIM_OC2Init                              0x080016df   Thumb Code   154  stm32f10x_tim.o(.text)
    TIM_OC3Init                              0x08001779   Thumb Code   150  stm32f10x_tim.o(.text)
    TIM_OC4Init                              0x0800180f   Thumb Code   182  stm32f10x_tim.o(.text)
    TIM_SetIC4Prescaler                      0x080018c5   Thumb Code    26  stm32f10x_tim.o(.text)
    TIM_SetIC3Prescaler                      0x08001961   Thumb Code    18  stm32f10x_tim.o(.text)
    TIM_SetIC2Prescaler                      0x080019ed   Thumb Code    26  stm32f10x_tim.o(.text)
    TIM_SetIC1Prescaler                      0x08001a89   Thumb Code    18  stm32f10x_tim.o(.text)
    TIM_ICInit                               0x08001b07   Thumb Code   150  stm32f10x_tim.o(.text)
    TIM_PWMIConfig                           0x08001b9d   Thumb Code   124  stm32f10x_tim.o(.text)
    TIM_BDTRConfig                           0x08001c19   Thumb Code    32  stm32f10x_tim.o(.text)
    TIM_TimeBaseStructInit                   0x08001c39   Thumb Code    18  stm32f10x_tim.o(.text)
    TIM_OCStructInit                         0x08001c4b   Thumb Code    20  stm32f10x_tim.o(.text)
    TIM_ICStructInit                         0x08001c5f   Thumb Code    18  stm32f10x_tim.o(.text)
    TIM_BDTRStructInit                       0x08001c71   Thumb Code    40  stm32f10x_tim.o(.text)
    TIM_Cmd                                  0x08001c99   Thumb Code    24  stm32f10x_tim.o(.text)
    TIM_CtrlPWMOutputs                       0x08001cb1   Thumb Code    30  stm32f10x_tim.o(.text)
    TIM_ITConfig                             0x08001ccf   Thumb Code    18  stm32f10x_tim.o(.text)
    TIM_GenerateEvent                        0x08001ce1   Thumb Code     4  stm32f10x_tim.o(.text)
    TIM_DMAConfig                            0x08001ce5   Thumb Code    10  stm32f10x_tim.o(.text)
    TIM_DMACmd                               0x08001cef   Thumb Code    18  stm32f10x_tim.o(.text)
    TIM_InternalClockConfig                  0x08001d01   Thumb Code    12  stm32f10x_tim.o(.text)
    TIM_SelectInputTrigger                   0x08001d0d   Thumb Code    18  stm32f10x_tim.o(.text)
    TIM_ITRxExternalClockConfig              0x08001d1f   Thumb Code    24  stm32f10x_tim.o(.text)
    TIM_TIxExternalClockConfig               0x08001d37   Thumb Code    62  stm32f10x_tim.o(.text)
    TIM_ETRConfig                            0x08001d75   Thumb Code    28  stm32f10x_tim.o(.text)
    TIM_ETRClockMode1Config                  0x08001d91   Thumb Code    54  stm32f10x_tim.o(.text)
    TIM_ETRClockMode2Config                  0x08001dc7   Thumb Code    32  stm32f10x_tim.o(.text)
    TIM_PrescalerConfig                      0x08001de7   Thumb Code     6  stm32f10x_tim.o(.text)
    TIM_CounterModeConfig                    0x08001ded   Thumb Code    18  stm32f10x_tim.o(.text)
    TIM_EncoderInterfaceConfig               0x08001dff   Thumb Code    66  stm32f10x_tim.o(.text)
    TIM_ForcedOC1Config                      0x08001e41   Thumb Code    18  stm32f10x_tim.o(.text)
    TIM_ForcedOC2Config                      0x08001e53   Thumb Code    26  stm32f10x_tim.o(.text)
    TIM_ForcedOC3Config                      0x08001e6d   Thumb Code    18  stm32f10x_tim.o(.text)
    TIM_ForcedOC4Config                      0x08001e7f   Thumb Code    26  stm32f10x_tim.o(.text)
    TIM_ARRPreloadConfig                     0x08001e99   Thumb Code    24  stm32f10x_tim.o(.text)
    TIM_SelectCOM                            0x08001eb1   Thumb Code    24  stm32f10x_tim.o(.text)
    TIM_SelectCCDMA                          0x08001ec9   Thumb Code    24  stm32f10x_tim.o(.text)
    TIM_CCPreloadControl                     0x08001ee1   Thumb Code    24  stm32f10x_tim.o(.text)
    TIM_OC1PreloadConfig                     0x08001ef9   Thumb Code    18  stm32f10x_tim.o(.text)
    TIM_OC2PreloadConfig                     0x08001f0b   Thumb Code    26  stm32f10x_tim.o(.text)
    TIM_OC3PreloadConfig                     0x08001f25   Thumb Code    18  stm32f10x_tim.o(.text)
    TIM_OC4PreloadConfig                     0x08001f37   Thumb Code    26  stm32f10x_tim.o(.text)
    TIM_OC1FastConfig                        0x08001f51   Thumb Code    18  stm32f10x_tim.o(.text)
    TIM_OC2FastConfig                        0x08001f63   Thumb Code    26  stm32f10x_tim.o(.text)
    TIM_OC3FastConfig                        0x08001f7d   Thumb Code    18  stm32f10x_tim.o(.text)
    TIM_OC4FastConfig                        0x08001f8f   Thumb Code    26  stm32f10x_tim.o(.text)
    TIM_ClearOC1Ref                          0x08001fa9   Thumb Code    18  stm32f10x_tim.o(.text)
    TIM_ClearOC2Ref                          0x08001fbb   Thumb Code    24  stm32f10x_tim.o(.text)
    TIM_ClearOC3Ref                          0x08001fd3   Thumb Code    18  stm32f10x_tim.o(.text)
    TIM_ClearOC4Ref                          0x08001fe5   Thumb Code    24  stm32f10x_tim.o(.text)
    TIM_OC1PolarityConfig                    0x08001ffd   Thumb Code    18  stm32f10x_tim.o(.text)
    TIM_OC1NPolarityConfig                   0x0800200f   Thumb Code    18  stm32f10x_tim.o(.text)
    TIM_OC2PolarityConfig                    0x08002021   Thumb Code    26  stm32f10x_tim.o(.text)
    TIM_OC2NPolarityConfig                   0x0800203b   Thumb Code    26  stm32f10x_tim.o(.text)
    TIM_OC3PolarityConfig                    0x08002055   Thumb Code    26  stm32f10x_tim.o(.text)
    TIM_OC3NPolarityConfig                   0x0800206f   Thumb Code    26  stm32f10x_tim.o(.text)
    TIM_OC4PolarityConfig                    0x08002089   Thumb Code    26  stm32f10x_tim.o(.text)
    TIM_CCxCmd                               0x080020a3   Thumb Code    30  stm32f10x_tim.o(.text)
    TIM_CCxNCmd                              0x080020c1   Thumb Code    30  stm32f10x_tim.o(.text)
    TIM_SelectOCxM                           0x080020df   Thumb Code    82  stm32f10x_tim.o(.text)
    TIM_UpdateDisableConfig                  0x08002131   Thumb Code    24  stm32f10x_tim.o(.text)
    TIM_UpdateRequestConfig                  0x08002149   Thumb Code    24  stm32f10x_tim.o(.text)
    TIM_SelectHallSensor                     0x08002161   Thumb Code    24  stm32f10x_tim.o(.text)
    TIM_SelectOnePulseMode                   0x08002179   Thumb Code    18  stm32f10x_tim.o(.text)
    TIM_SelectOutputTrigger                  0x0800218b   Thumb Code    18  stm32f10x_tim.o(.text)
    TIM_SelectSlaveMode                      0x0800219d   Thumb Code    18  stm32f10x_tim.o(.text)
    TIM_SelectMasterSlaveMode                0x080021af   Thumb Code    18  stm32f10x_tim.o(.text)
    TIM_SetCounter                           0x080021c1   Thumb Code     4  stm32f10x_tim.o(.text)
    TIM_SetAutoreload                        0x080021c5   Thumb Code     4  stm32f10x_tim.o(.text)
    TIM_SetCompare1                          0x080021c9   Thumb Code     4  stm32f10x_tim.o(.text)
    TIM_SetCompare2                          0x080021cd   Thumb Code     4  stm32f10x_tim.o(.text)
    TIM_SetCompare3                          0x080021d1   Thumb Code     4  stm32f10x_tim.o(.text)
    TIM_SetCompare4                          0x080021d5   Thumb Code     6  stm32f10x_tim.o(.text)
    TIM_SetClockDivision                     0x080021db   Thumb Code    18  stm32f10x_tim.o(.text)
    TIM_GetCapture1                          0x080021ed   Thumb Code     6  stm32f10x_tim.o(.text)
    TIM_GetCapture2                          0x080021f3   Thumb Code     6  stm32f10x_tim.o(.text)
    TIM_GetCapture3                          0x080021f9   Thumb Code     6  stm32f10x_tim.o(.text)
    TIM_GetCapture4                          0x080021ff   Thumb Code     8  stm32f10x_tim.o(.text)
    TIM_GetCounter                           0x08002207   Thumb Code     6  stm32f10x_tim.o(.text)
    TIM_GetPrescaler                         0x0800220d   Thumb Code     6  stm32f10x_tim.o(.text)
    TIM_GetFlagStatus                        0x08002213   Thumb Code    18  stm32f10x_tim.o(.text)
    TIM_ClearFlag                            0x08002225   Thumb Code     6  stm32f10x_tim.o(.text)
    TIM_GetITStatus                          0x0800222b   Thumb Code    34  stm32f10x_tim.o(.text)
    TIM_ClearITPendingBit                    0x0800224d   Thumb Code     6  stm32f10x_tim.o(.text)
    time3_init                               0x08002255   Thumb Code    92  update_interrupt.o(.text)
    TIM3_IRQHandler                          0x080022b1   Thumb Code    22  update_interrupt.o(.text)
    TIM4_Cap_Init                            0x080022cd   Thumb Code   214  inputcap.o(.text)
    TIM4_IRQHandler                          0x080023a3   Thumb Code    28  inputcap.o(.text)
    ADC1_GPIO_Config                         0x08002411   Thumb Code    74  ad_dma.o(.text)
    ADC1_Mode_Config                         0x0800245b   Thumb Code   224  ad_dma.o(.text)
    read_ADC_DMA                             0x0800253b   Thumb Code    82  ad_dma.o(.text)
    DMA_DeInit                               0x0800259d   Thumb Code   324  stm32f10x_dma.o(.text)
    DMA_Init                                 0x080026e1   Thumb Code    60  stm32f10x_dma.o(.text)
    DMA_StructInit                           0x0800271d   Thumb Code    26  stm32f10x_dma.o(.text)
    DMA_Cmd                                  0x08002737   Thumb Code    24  stm32f10x_dma.o(.text)
    DMA_ITConfig                             0x0800274f   Thumb Code    18  stm32f10x_dma.o(.text)
    DMA_SetCurrDataCounter                   0x08002761   Thumb Code     4  stm32f10x_dma.o(.text)
    DMA_GetCurrDataCounter                   0x08002765   Thumb Code     8  stm32f10x_dma.o(.text)
    DMA_GetFlagStatus                        0x0800276d   Thumb Code    40  stm32f10x_dma.o(.text)
    DMA_ClearFlag                            0x08002795   Thumb Code    22  stm32f10x_dma.o(.text)
    DMA_GetITStatus                          0x080027ab   Thumb Code    40  stm32f10x_dma.o(.text)
    DMA_ClearITPendingBit                    0x080027d3   Thumb Code    22  stm32f10x_dma.o(.text)
    LCD_GPIO_OutMode_Init                    0x080027f1   Thumb Code   122  lcd12864.o(.text)
    LCD_GPIO_InMode_Init                     0x0800286b   Thumb Code    78  lcd12864.o(.text)
    LCD_DBWrite                              0x080028b9   Thumb Code   228  lcd12864.o(.text)
    LCD_WaitBusy                             0x0800299d   Thumb Code    68  lcd12864.o(.text)
    LCD_WriteCmd                             0x080029e1   Thumb Code    68  lcd12864.o(.text)
    LCD_WriteData                            0x08002a25   Thumb Code    68  lcd12864.o(.text)
    LCD_SetPosition                          0x08002a69   Thumb Code    70  lcd12864.o(.text)
    LCD_ShowString                           0x08002aaf   Thumb Code    46  lcd12864.o(.text)
    LCD_ClearGDRAM                           0x08002add   Thumb Code    72  lcd12864.o(.text)
    LCD_DBRead                               0x08002b25   Thumb Code   130  lcd12864.o(.text)
    LCD_ReadOneData                          0x08002ba7   Thumb Code    86  lcd12864.o(.text)
    LCD_DrawPoint                            0x08002bfd   Thumb Code   186  lcd12864.o(.text)
    LCD_ReadPoint                            0x08002cb7   Thumb Code   126  lcd12864.o(.text)
    LCD_Init                                 0x08002d35   Thumb Code    96  lcd12864.o(.text)
    LCD_Cls                                  0x08002d95   Thumb Code    10  lcd12864.o(.text)
    snakeCreate                              0x08002da9   Thumb Code    88  snake.o(.text)
    wallCreate                               0x08002e01   Thumb Code    84  snake.o(.text)
    spawnFood                                0x08002e55   Thumb Code   146  snake.o(.text)
    gameDescription                          0x08002ee7   Thumb Code    34  snake.o(.text)
    exitGame                                 0x08002f09   Thumb Code    72  snake.o(.text)
    isBitSelf                                0x08002f51   Thumb Code    52  snake.o(.text)
    isBitWall                                0x08002f85   Thumb Code    50  snake.o(.text)
    snakeMove                                0x08002fb7   Thumb Code   322  snake.o(.text)
    pauseGame                                0x080030f9   Thumb Code    30  snake.o(.text)
    gameControl                              0x08003117   Thumb Code   518  snake.o(.text)
    delay_init                               0x0800332d   Thumb Code    36  delay.o(.text)
    delay_us                                 0x08003351   Thumb Code    72  delay.o(.text)
    delay_ms                                 0x08003399   Thumb Code    72  delay.o(.text)
    malloc                                   0x080033f1   Thumb Code    94  h1_alloc.o(.text)
    free                                     0x0800344f   Thumb Code    78  h1_free.o(.text)
    __2sprintf                               0x0800349d   Thumb Code    34  noretval__2sprintf.o(.text)
    __printf                                 0x080034c5   Thumb Code   104  __printf.o(.text)
    _printf_int_dec                          0x0800352d   Thumb Code   104  _printf_dec.o(.text)
    srand                                    0x080035a5   Thumb Code    42  rand.o(.text)
    _rand_init                               0x080035cf   Thumb Code     4  rand.o(.text)
    __use_two_region_memory                  0x080035e1   Thumb Code     2  heapauxi.o(.text)
    __rt_heap_escrow                         0x080035e3   Thumb Code     2  heapauxi.o(.text)
    __rt_heap_expand                         0x080035e5   Thumb Code     2  heapauxi.o(.text)
    __rt_heap_descriptor                     0x080035e9   Thumb Code     8  rt_heap_descriptor_intlibspace.o(.text)
    __use_no_heap                            0x080035f1   Thumb Code     2  hguard.o(.text)
    __heap$guard                             0x080035f3   Thumb Code     2  hguard.o(.text)
    _terminate_user_alloc                    0x080035f5   Thumb Code     2  init_alloc.o(.text)
    _init_user_alloc                         0x080035f7   Thumb Code     2  init_alloc.o(.text)
    __Heap_Full                              0x080035f9   Thumb Code    34  init_alloc.o(.text)
    __Heap_Broken                            0x0800361b   Thumb Code     6  init_alloc.o(.text)
    _init_alloc                              0x08003621   Thumb Code    94  init_alloc.o(.text)
    __Heap_Initialize                        0x0800367f   Thumb Code    10  h1_init.o(.text)
    __Heap_DescSize                          0x08003689   Thumb Code     4  h1_init.o(.text)
    _printf_int_common                       0x0800368d   Thumb Code   178  _printf_intcommon.o(.text)
    _printf_char_common                      0x0800374b   Thumb Code    32  _printf_char_common.o(.text)
    _sputc                                   0x08003771   Thumb Code    10  _sputc.o(.text)
    __user_libspace                          0x0800377d   Thumb Code     8  libspace.o(.text)
    __user_perproc_libspace                  0x0800377d   Thumb Code     0  libspace.o(.text)
    __user_perthread_libspace                0x0800377d   Thumb Code     0  libspace.o(.text)
    __Heap_ProvideMemory                     0x08003785   Thumb Code    52  h1_extend.o(.text)
    __rt_SIGRTMEM                            0x080037b9   Thumb Code    14  defsig_rtmem_outer.o(.text)
    __I$use$semihosting                      0x080037c7   Thumb Code     0  use_no_semi.o(.text)
    __use_no_semihosting_swi                 0x080037c7   Thumb Code     2  use_no_semi.o(.text)
    __semihosting_library_function           0x080037c9   Thumb Code     0  indicate_semi.o(.text)
    __user_setup_stackheap                   0x080037c9   Thumb Code    74  sys_stackheap_outer.o(.text)
    exit                                     0x08003813   Thumb Code    12  exit.o(.text)
    __sig_exit                               0x0800381f   Thumb Code    10  defsig_exit.o(.text)
    __rt_SIGRTMEM_inner                      0x08003829   Thumb Code    22  defsig_rtmem_inner.o(.text)
    _sys_exit                                0x08003879   Thumb Code     8  sys_exit.o(.text)
    __default_signal_display                 0x08003885   Thumb Code    50  defsig_general.o(.text)
    _ttywrch                                 0x080038b7   Thumb Code    14  sys_wrch.o(.text)
    __aeabi_ddiv                             0x080038c5   Thumb Code     0  ddiv.o(x$fpl$ddiv)
    _ddiv                                    0x080038c5   Thumb Code   552  ddiv.o(x$fpl$ddiv)
    __aeabi_d2iz                             0x08003b75   Thumb Code     0  dfix.o(x$fpl$dfix)
    _dfix                                    0x08003b75   Thumb Code    94  dfix.o(x$fpl$dfix)
    __aeabi_i2d                              0x08003bd3   Thumb Code     0  dflt_clz.o(x$fpl$dflt)
    _dflt                                    0x08003bd3   Thumb Code    46  dflt_clz.o(x$fpl$dflt)
    __fpl_dnaninf                            0x08003c01   Thumb Code   156  dnaninf.o(x$fpl$dnaninf)
    __fpl_dretinf                            0x08003c9d   Thumb Code    12  dretinf.o(x$fpl$dretinf)
    __aeabi_f2uiz                            0x08003ca9   Thumb Code     0  ffixu.o(x$fpl$ffixu)
    _ffixu                                   0x08003ca9   Thumb Code    62  ffixu.o(x$fpl$ffixu)
    __aeabi_fmul                             0x08003ce9   Thumb Code     0  fmul.o(x$fpl$fmul)
    _fmul                                    0x08003ce9   Thumb Code   258  fmul.o(x$fpl$fmul)
    __fpl_fnaninf                            0x08003deb   Thumb Code   140  fnaninf.o(x$fpl$fnaninf)
    __fpl_fretinf                            0x08003e77   Thumb Code    10  fretinf.o(x$fpl$fretinf)
    Region$$Table$$Base                      0x08003e80   Number         0  anon$$obj.o(Region$$Table)
    __I$use$fp                               0x08003e80   Number         0  usenofp.o(x$fpl$usenofp)
    Region$$Table$$Limit                     0x08003ea0   Number         0  anon$$obj.o(Region$$Table)
    SystemCoreClock                          0x20000000   Data           4  system_stm32f10x.o(.data)
    AHBPrescTable                            0x20000004   Data          16  system_stm32f10x.o(.data)
    ms_n                                     0x20000028   Data           4  pwm.o(.data)
    ADC_ConvertedValue                       0x2000002c   Data           8  ad_dma.o(.data)
    AD_DMA_Result1                           0x20000034   Data           4  ad_dma.o(.data)
    AD_DMA_Result2                           0x20000038   Data           4  ad_dma.o(.data)
    snakeDirection                           0x20000058   Data           1  snake.o(.data)
    _random_number_data                      0x20000060   Data         228  rand.o(.bss)
    __libspace_start                         0x20000144   Data          96  libspace.o(.bss)
    __temporary_stack_top$libspace           0x200001a4   Data           0  libspace.o(.bss)



==============================================================================

Memory Map of the image

  Image Entry point : 0x08000441

  Load Region LR_1 (Base: 0x08000000, Size: 0x00003f00, Max: 0xffffffff, ABSOLUTE)

    Execution Region ER_RO (Base: 0x08000000, Size: 0x00003ea0, Max: 0xffffffff, ABSOLUTE)

    Base Addr    Size         Type   Attr      Idx    E Section Name        Object

    0x08000000   0x00000130   Data   RO          181    RESET               startup_stm32f10x_hd.o
    0x08000130   0x00000008   Code   RO          570  * !!!main             c_w.l(__main.o)
    0x08000138   0x00000034   Code   RO          842    !!!scatter          c_w.l(__scatter.o)
    0x0800016c   0x0000001a   Code   RO          844    !!handler_copy      c_w.l(__scatter_copy.o)
    0x08000186   0x00000002   PAD
    0x08000188   0x0000001c   Code   RO          846    !!handler_zi        c_w.l(__scatter_zi.o)
    0x080001a4   0x00000000   Code   RO          562    .ARM.Collect$$_printf_percent$$00000000  c_w.l(_printf_percent.o)
    0x080001a4   0x00000006   Code   RO          561    .ARM.Collect$$_printf_percent$$00000009  c_w.l(_printf_d.o)
    0x080001aa   0x00000004   Code   RO          658    .ARM.Collect$$_printf_percent$$00000017  c_w.l(_printf_percent_end.o)
    0x080001ae   0x00000002   Code   RO          782    .ARM.Collect$$libinit$$00000000  c_w.l(libinit.o)
    0x080001b0   0x00000000   Code   RO          664    .ARM.Collect$$libinit$$00000002  c_w.l(libinit2.o)
    0x080001b0   0x00000000   Code   RO          666    .ARM.Collect$$libinit$$00000004  c_w.l(libinit2.o)
    0x080001b0   0x00000008   Code   RO          667    .ARM.Collect$$libinit$$00000005  c_w.l(libinit2.o)
    0x080001b8   0x00000000   Code   RO          669    .ARM.Collect$$libinit$$0000000A  c_w.l(libinit2.o)
    0x080001b8   0x00000000   Code   RO          671    .ARM.Collect$$libinit$$0000000C  c_w.l(libinit2.o)
    0x080001b8   0x00000004   Code   RO          672    .ARM.Collect$$libinit$$0000000D  c_w.l(libinit2.o)
    0x080001bc   0x00000000   Code   RO          673    .ARM.Collect$$libinit$$0000000E  c_w.l(libinit2.o)
    0x080001bc   0x00000000   Code   RO          676    .ARM.Collect$$libinit$$00000011  c_w.l(libinit2.o)
    0x080001bc   0x00000000   Code   RO          678    .ARM.Collect$$libinit$$00000013  c_w.l(libinit2.o)
    0x080001bc   0x00000000   Code   RO          680    .ARM.Collect$$libinit$$00000015  c_w.l(libinit2.o)
    0x080001bc   0x00000000   Code   RO          682    .ARM.Collect$$libinit$$00000017  c_w.l(libinit2.o)
    0x080001bc   0x00000000   Code   RO          684    .ARM.Collect$$libinit$$00000019  c_w.l(libinit2.o)
    0x080001bc   0x00000000   Code   RO          686    .ARM.Collect$$libinit$$0000001B  c_w.l(libinit2.o)
    0x080001bc   0x00000000   Code   RO          688    .ARM.Collect$$libinit$$0000001D  c_w.l(libinit2.o)
    0x080001bc   0x00000000   Code   RO          690    .ARM.Collect$$libinit$$0000001F  c_w.l(libinit2.o)
    0x080001bc   0x00000000   Code   RO          692    .ARM.Collect$$libinit$$00000021  c_w.l(libinit2.o)
    0x080001bc   0x00000000   Code   RO          694    .ARM.Collect$$libinit$$00000023  c_w.l(libinit2.o)
    0x080001bc   0x00000000   Code   RO          696    .ARM.Collect$$libinit$$00000025  c_w.l(libinit2.o)
    0x080001bc   0x00000000   Code   RO          700    .ARM.Collect$$libinit$$0000002C  c_w.l(libinit2.o)
    0x080001bc   0x00000000   Code   RO          702    .ARM.Collect$$libinit$$0000002E  c_w.l(libinit2.o)
    0x080001bc   0x00000000   Code   RO          704    .ARM.Collect$$libinit$$00000030  c_w.l(libinit2.o)
    0x080001bc   0x00000000   Code   RO          706    .ARM.Collect$$libinit$$00000032  c_w.l(libinit2.o)
    0x080001bc   0x00000002   Code   RO          707    .ARM.Collect$$libinit$$00000033  c_w.l(libinit2.o)
    0x080001be   0x00000002   Code   RO          839    .ARM.Collect$$libshutdown$$00000000  c_w.l(libshutdown.o)
    0x080001c0   0x00000000   Code   RO          797    .ARM.Collect$$libshutdown$$00000003  c_w.l(libshutdown2.o)
    0x080001c0   0x00000000   Code   RO          800    .ARM.Collect$$libshutdown$$00000006  c_w.l(libshutdown2.o)
    0x080001c0   0x00000000   Code   RO          803    .ARM.Collect$$libshutdown$$00000009  c_w.l(libshutdown2.o)
    0x080001c0   0x00000000   Code   RO          805    .ARM.Collect$$libshutdown$$0000000B  c_w.l(libshutdown2.o)
    0x080001c0   0x00000000   Code   RO          808    .ARM.Collect$$libshutdown$$0000000E  c_w.l(libshutdown2.o)
    0x080001c0   0x00000002   Code   RO          809    .ARM.Collect$$libshutdown$$0000000F  c_w.l(libshutdown2.o)
    0x080001c2   0x00000000   Code   RO          626    .ARM.Collect$$rtentry$$00000000  c_w.l(__rtentry.o)
    0x080001c2   0x00000000   Code   RO          723    .ARM.Collect$$rtentry$$00000002  c_w.l(__rtentry2.o)
    0x080001c2   0x00000006   Code   RO          735    .ARM.Collect$$rtentry$$00000004  c_w.l(__rtentry4.o)
    0x080001c8   0x00000000   Code   RO          725    .ARM.Collect$$rtentry$$00000009  c_w.l(__rtentry2.o)
    0x080001c8   0x00000004   Code   RO          726    .ARM.Collect$$rtentry$$0000000A  c_w.l(__rtentry2.o)
    0x080001cc   0x00000000   Code   RO          728    .ARM.Collect$$rtentry$$0000000C  c_w.l(__rtentry2.o)
    0x080001cc   0x00000008   Code   RO          729    .ARM.Collect$$rtentry$$0000000D  c_w.l(__rtentry2.o)
    0x080001d4   0x00000002   Code   RO          785    .ARM.Collect$$rtexit$$00000000  c_w.l(rtexit.o)
    0x080001d6   0x00000000   Code   RO          813    .ARM.Collect$$rtexit$$00000002  c_w.l(rtexit2.o)
    0x080001d6   0x00000004   Code   RO          814    .ARM.Collect$$rtexit$$00000003  c_w.l(rtexit2.o)
    0x080001da   0x00000006   Code   RO          815    .ARM.Collect$$rtexit$$00000004  c_w.l(rtexit2.o)
    0x080001e0   0x00000034   Code   RO          563    .emb_text           c_w.l(rand.o)
    0x08000214   0x00000000   Code   RO          739    .emb_text           c_w.l(maybetermalloc1.o)
    0x08000214   0x00000030   Code   RO            1    .text               main.o
    0x08000244   0x0000001a   Code   RO          116    .text               stm32f10x_it.o
    0x0800025e   0x00000002   PAD
    0x08000260   0x000001e0   Code   RO          142    .text               system_stm32f10x.o
    0x08000440   0x00000040   Code   RO          182  * .text               startup_stm32f10x_hd.o
    0x08000480   0x0000035c   Code   RO          186    .text               stm32f10x_gpio.o
    0x080007dc   0x000003a4   Code   RO          198    .text               stm32f10x_rcc.o
    0x08000b80   0x0000044e   Code   RO          212    .text               stm32f10x_adc.o
    0x08000fce   0x00000002   PAD
    0x08000fd0   0x00000098   Code   RO          224    .text               exti_interrupt.o
    0x08001068   0x0000011c   Code   RO          257    .text               stm32f10x_exti.o
    0x08001184   0x000000dc   Code   RO          269    .text               misc.o
    0x08001260   0x000001d8   Code   RO          321    .text               pwm.o
    0x08001438   0x00000e1a   Code   RO          339    .text               stm32f10x_tim.o
    0x08002252   0x00000002   PAD
    0x08002254   0x00000078   Code   RO          351    .text               update_interrupt.o
    0x080022cc   0x000000fc   Code   RO          366    .text               inputcap.o
    0x080023c8   0x000001d4   Code   RO          384    .text               ad_dma.o
    0x0800259c   0x00000254   Code   RO          402    .text               stm32f10x_dma.o
    0x080027f0   0x000005b8   Code   RO          414    .text               lcd12864.o
    0x08002da8   0x00000584   Code   RO          430    .text               snake.o
    0x0800332c   0x000000c4   Code   RO          452    .text               delay.o
    0x080033f0   0x0000005e   Code   RO          475    .text               c_w.l(h1_alloc.o)
    0x0800344e   0x0000004e   Code   RO          477    .text               c_w.l(h1_free.o)
    0x0800349c   0x00000028   Code   RO          535    .text               c_w.l(noretval__2sprintf.o)
    0x080034c4   0x00000068   Code   RO          537    .text               c_w.l(__printf.o)
    0x0800352c   0x00000078   Code   RO          539    .text               c_w.l(_printf_dec.o)
    0x080035a4   0x0000003c   Code   RO          564    .text               c_w.l(rand.o)
    0x080035e0   0x00000006   Code   RO          568    .text               c_w.l(heapauxi.o)
    0x080035e6   0x00000002   PAD
    0x080035e8   0x00000008   Code   RO          630    .text               c_w.l(rt_heap_descriptor_intlibspace.o)
    0x080035f0   0x00000004   Code   RO          632    .text               c_w.l(hguard.o)
    0x080035f4   0x0000008a   Code   RO          634    .text               c_w.l(init_alloc.o)
    0x0800367e   0x0000000e   Code   RO          638    .text               c_w.l(h1_init.o)
    0x0800368c   0x000000b2   Code   RO          652    .text               c_w.l(_printf_intcommon.o)
    0x0800373e   0x00000002   PAD
    0x08003740   0x00000030   Code   RO          654    .text               c_w.l(_printf_char_common.o)
    0x08003770   0x0000000a   Code   RO          656    .text               c_w.l(_sputc.o)
    0x0800377a   0x00000002   PAD
    0x0800377c   0x00000008   Code   RO          719    .text               c_w.l(libspace.o)
    0x08003784   0x00000034   Code   RO          741    .text               c_w.l(h1_extend.o)
    0x080037b8   0x0000000e   Code   RO          747    .text               c_w.l(defsig_rtmem_outer.o)
    0x080037c6   0x00000002   Code   RO          758    .text               c_w.l(use_no_semi.o)
    0x080037c8   0x00000000   Code   RO          760    .text               c_w.l(indicate_semi.o)
    0x080037c8   0x0000004a   Code   RO          761    .text               c_w.l(sys_stackheap_outer.o)
    0x08003812   0x0000000c   Code   RO          767    .text               c_w.l(exit.o)
    0x0800381e   0x0000000a   Code   RO          769    .text               c_w.l(defsig_exit.o)
    0x08003828   0x00000050   Code   RO          771    .text               c_w.l(defsig_rtmem_inner.o)
    0x08003878   0x0000000c   Code   RO          783    .text               c_w.l(sys_exit.o)
    0x08003884   0x00000032   Code   RO          793    .text               c_w.l(defsig_general.o)
    0x080038b6   0x0000000e   Code   RO          810    .text               c_w.l(sys_wrch.o)
    0x080038c4   0x000002b0   Code   RO          581    x$fpl$ddiv          fz_ws.l(ddiv.o)
    0x08003b74   0x0000005e   Code   RO          584    x$fpl$dfix          fz_ws.l(dfix.o)
    0x08003bd2   0x0000002e   Code   RO          589    x$fpl$dflt          fz_ws.l(dflt_clz.o)
    0x08003c00   0x0000009c   Code   RO          708    x$fpl$dnaninf       fz_ws.l(dnaninf.o)
    0x08003c9c   0x0000000c   Code   RO          710    x$fpl$dretinf       fz_ws.l(dretinf.o)
    0x08003ca8   0x0000003e   Code   RO          612    x$fpl$ffixu         fz_ws.l(ffixu.o)
    0x08003ce6   0x00000002   PAD
    0x08003ce8   0x00000102   Code   RO          622    x$fpl$fmul          fz_ws.l(fmul.o)
    0x08003dea   0x0000008c   Code   RO          712    x$fpl$fnaninf       fz_ws.l(fnaninf.o)
    0x08003e76   0x0000000a   Code   RO          714    x$fpl$fretinf       fz_ws.l(fretinf.o)
    0x08003e80   0x00000000   Code   RO          716    x$fpl$usenofp       fz_ws.l(usenofp.o)
    0x08003e80   0x00000020   Data   RO          840    Region$$Table       anon$$obj.o


    Execution Region ER_RW (Base: 0x20000000, Size: 0x00000060, Max: 0xffffffff, ABSOLUTE)

    Base Addr    Size         Type   Attr      Idx    E Section Name        Object

    0x20000000   0x00000014   Data   RW          143    .data               system_stm32f10x.o
    0x20000014   0x00000014   Data   RW          199    .data               stm32f10x_rcc.o
    0x20000028   0x00000004   Data   RW          322    .data               pwm.o
    0x2000002c   0x00000010   Data   RW          385    .data               ad_dma.o
    0x2000003c   0x0000001d   Data   RW          431    .data               snake.o
    0x20000059   0x00000001   PAD
    0x2000005a   0x00000004   Data   RW          453    .data               delay.o


    Execution Region ER_ZI (Base: 0x20000060, Size: 0x00000748, Max: 0xffffffff, ABSOLUTE)

    Base Addr    Size         Type   Attr      Idx    E Section Name        Object

    0x20000060   0x000000e4   Zero   RW          565    .bss                c_w.l(rand.o)
    0x20000144   0x00000060   Zero   RW          720    .bss                c_w.l(libspace.o)
    0x200001a4   0x00000004   PAD
    0x200001a8   0x00000200   Zero   RW          180    HEAP                startup_stm32f10x_hd.o
    0x200003a8   0x00000400   Zero   RW          179    STACK               startup_stm32f10x_hd.o


==============================================================================

Image component sizes


      Code (inc. data)   RO Data    RW Data    ZI Data      Debug   Object Name

       468         16          0         16          0       2376   ad_dma.o
         0          0          0          0          0         32   core_cm3.o
       196         16          0          4          0        935   delay.o
       152          6          0          0          0        683   exti_interrupt.o
       252         10          0          0          0        804   inputcap.o
      1464         26          0          0          0       4227   lcd12864.o
        48          0          0          0          0     268619   main.o
       220         22          0          0          0       1897   misc.o
       472         30          0          4          0       1627   pwm.o
      1412        166          0         29          0       3073   snake.o
        64         26        304          0       1536        864   startup_stm32f10x_hd.o
      1102         26          0          0          0      10929   stm32f10x_adc.o
       596          8          0          0          0       4426   stm32f10x_dma.o
       284         10          0          0          0       2331   stm32f10x_exti.o
       860         38          0          0          0       5665   stm32f10x_gpio.o
        26          0          0          0          0       1166   stm32f10x_it.o
       932         36          0         20          0       8820   stm32f10x_rcc.o
      3610         88          0          0          0      22228   stm32f10x_tim.o
       480         38          0         20          0       1915   system_stm32f10x.o
       120          6          0          0          0        641   update_interrupt.o

    ----------------------------------------------------------------------
     12764        568        336         96       1536     343258   Object Totals
         0          0         32          0          0          0   (incl. Generated)
         6          0          0          3          0          0   (incl. Padding)

    ----------------------------------------------------------------------

      Code (inc. data)   RO Data    RW Data    ZI Data      Debug   Library Member Name

         8          0          0          0          0         68   __main.o
       104          0          0          0          0         84   __printf.o
         0          0          0          0          0          0   __rtentry.o
        12          0          0          0          0          0   __rtentry2.o
         6          0          0          0          0          0   __rtentry4.o
        52          8          0          0          0          0   __scatter.o
        26          0          0          0          0          0   __scatter_copy.o
        28          0          0          0          0          0   __scatter_zi.o
        48          6          0          0          0         96   _printf_char_common.o
         6          0          0          0          0          0   _printf_d.o
       120         16          0          0          0         92   _printf_dec.o
       178          0          0          0          0         88   _printf_intcommon.o
         0          0          0          0          0          0   _printf_percent.o
         4          0          0          0          0          0   _printf_percent_end.o
        10          0          0          0          0         68   _sputc.o
        10          0          0          0          0         68   defsig_exit.o
        50          0          0          0          0         88   defsig_general.o
        80         58          0          0          0         76   defsig_rtmem_inner.o
        14          0          0          0          0         80   defsig_rtmem_outer.o
        12          0          0          0          0         72   exit.o
        94          0          0          0          0         80   h1_alloc.o
        52          0          0          0          0         68   h1_extend.o
        78          0          0          0          0         80   h1_free.o
        14          0          0          0          0         84   h1_init.o
         6          0          0          0          0        152   heapauxi.o
         4          0          0          0          0        136   hguard.o
         0          0          0          0          0          0   indicate_semi.o
       138          0          0          0          0        168   init_alloc.o
         2          0          0          0          0          0   libinit.o
        14          0          0          0          0          0   libinit2.o
         2          0          0          0          0          0   libshutdown.o
         2          0          0          0          0          0   libshutdown2.o
         8          4          0          0         96         68   libspace.o
         0          0          0          0          0          0   maybetermalloc1.o
        40          6          0          0          0         84   noretval__2sprintf.o
       112         18          0          0        228        160   rand.o
         8          4          0          0          0         68   rt_heap_descriptor_intlibspace.o
         2          0          0          0          0          0   rtexit.o
        10          0          0          0          0          0   rtexit2.o
        12          4          0          0          0         68   sys_exit.o
        74          0          0          0          0         80   sys_stackheap_outer.o
        14          0          0          0          0         76   sys_wrch.o
         2          0          0          0          0         68   use_no_semi.o
       688        140          0          0          0        208   ddiv.o
        94          4          0          0          0         92   dfix.o
        46          0          0          0          0         68   dflt_clz.o
       156          4          0          0          0         92   dnaninf.o
        12          0          0          0          0         68   dretinf.o
        62          4          0          0          0         84   ffixu.o
       258          4          0          0          0         84   fmul.o
       140          4          0          0          0         84   fnaninf.o
        10          0          0          0          0         68   fretinf.o
         0          0          0          0          0          0   usenofp.o

    ----------------------------------------------------------------------
      2932        284          0          0        328       3168   Library Totals
        10          0          0          0          4          0   (incl. Padding)

    ----------------------------------------------------------------------

      Code (inc. data)   RO Data    RW Data    ZI Data      Debug   Library Name

      1456        124          0          0        324       2320   c_w.l
      1466        160          0          0          0        848   fz_ws.l

    ----------------------------------------------------------------------
      2932        284          0          0        328       3168   Library Totals

    ----------------------------------------------------------------------

==============================================================================


      Code (inc. data)   RO Data    RW Data    ZI Data      Debug   

     15696        852        336         96       1864     343250   Grand Totals
     15696        852        336         96       1864     343250   ELF Image Totals
     15696        852        336         96          0          0   ROM Totals

==============================================================================

    Total RO  Size (Code + RO Data)                16032 (  15.66kB)
    Total RW  Size (RW Data + ZI Data)              1960 (   1.91kB)
    Total ROM Size (Code + RO Data + RW Data)      16128 (  15.75kB)

==============================================================================

